<html>
<body>
<pre>
<h1>µVision Build Log</h1>
<h2>Project:</h2>
N:\MTE 241\Project_4\RTX_P4_demo\P4_demo.uvproj
Project File Date:  11/28/2016

<h2>Output:</h2>
Load "N:\\MTE 241\\Project_4\\RTX_P4_demo\\Flash\\Blinky.AXF" 
Erase Done.
Programming Done.
Verify OK.
Build target 'LPC1768 Flash'
compiling GLCD_SPI_LPC1700.c...
GLCD_SPI_LPC1700.c(670): error:  #20: identifier "end" is undefined
Target not created
Build target 'LPC1768 Flash'
compiling GLCD_SPI_LPC1700.c...
GLCD_SPI_LPC1700.c(668): warning: C3017W: curr_y may be used before being set
GLCD_SPI_LPC1700.c(668): warning: C3017W: curr_x may be used before being set
linking...
Program Size: Code=9924 RO-data=14092 RW-data=244 ZI-data=3436  
".\Flash\Blinky.axf" - 0 Error(s), 2 Warning(s).
Build target 'LPC1768 Flash'
compiling GLCD_SPI_LPC1700.c...
GLCD_SPI_LPC1700.c(668): warning: C3017W: curr_y may be used before being set
GLCD_SPI_LPC1700.c(668): warning: C3017W: curr_x may be used before being set
GLCD_SPI_LPC1700.c(668): warning: C3017W: d_Y may be used before being set
GLCD_SPI_LPC1700.c(668): warning: C3017W: d_X may be used before being set
linking...
Program Size: Code=9936 RO-data=14092 RW-data=244 ZI-data=3436  
".\Flash\Blinky.axf" - 0 Error(s), 4 Warning(s).
Load "N:\\MTE 241\\Project_4\\RTX_P4_demo\\Flash\\Blinky.AXF" 
Erase Done.
Programming Done.
Verify OK.
Build target 'LPC1768 Flash'
compiling GLCD_SPI_LPC1700.c...
GLCD_SPI_LPC1700.c(671): warning:  #223-D: function "abs" declared implicitly
GLCD_SPI_LPC1700.c(668): warning: C3017W: curr_y may be used before being set
GLCD_SPI_LPC1700.c(668): warning: C3017W: curr_x may be used before being set
linking...
Program Size: Code=9972 RO-data=14092 RW-data=244 ZI-data=3436  
".\Flash\Blinky.axf" - 0 Error(s), 3 Warning(s).
Load "N:\\MTE 241\\Project_4\\RTX_P4_demo\\Flash\\Blinky.AXF" 
Erase Done.
Programming Done.
Verify OK.
Rebuild target 'LPC1768 Flash'
assembling startup_LPC17xx.s...
compiling system_LPC17xx.c...
compiling RTX_Conf_CM.c...
compiling GLCD_SPI_LPC1700.c...
GLCD_SPI_LPC1700.c(671): warning:  #223-D: function "abs" declared implicitly
GLCD_SPI_LPC1700.c(668): warning: C3017W: curr_y may be used before being set
GLCD_SPI_LPC1700.c(668): warning: C3017W: curr_x may be used before being set
compiling LED.c...
compiling Main.c...
ADC.h(20): warning:  #1-D: last line of file ends without a newline
Main.c(242): warning:  #223-D: function "ADC_ConverstionStart" declared implicitly
Main.c(261): warning:  #223-D: function "GLCD_DrawLine" declared implicitly
Main.c(231): warning:  #177-D: variable "lineLength" was declared but never referenced
Main.c(233): warning:  #550-D: variable "prevEndX" was set but never used
Main.c(234): warning:  #550-D: variable "prevEndY" was set but never used
Main.c(304): warning:  #177-D: variable "i" was declared but never referenced
Main.c(304): warning:  #177-D: variable "j" was declared but never referenced
Main.c(312): warning:  #177-D: variable "j" was declared but never referenced
Main.c(313): warning:  #177-D: variable "retVal" was declared but never referenced
Main.c(314): warning:  #177-D: variable "arb" was declared but never referenced
Main.c(315): warning:  #177-D: variable "directionChanged" was declared but never referenced
Main.c(385): warning:  #177-D: variable "i" was declared but never referenced
Main.c(440): warning:  #223-D: function "rand" declared implicitly
Main.c(471): warning:  #223-D: function "GLCD_DrawLine" declared implicitly
Main.c(433): warning:  #177-D: variable "num_hard_blocks" was declared but never referenced
Main.c(434): warning:  #177-D: variable "num_medium_blocks" was declared but never referenced
Main.c(553): warning:  #1-D: last line of file ends without a newline
compiling KBD.c...
compiling ADC.c...
ADC.h(20): warning:  #1-D: last line of file ends without a newline
compiling Retarget.c...
compiling uart.c...
compiling EasyBlock.c...
EasyBlock.c(7): warning:  #177-D: variable "EASY_BLOCK_pixel_data" was declared but never referenced
compiling HardBlock.c...
HardBlock.c(7): warning:  #177-D: variable "HARD_BLOCK_pixel_data" was declared but never referenced
compiling MediumBlock.c...
MediumBlock.c(7): warning:  #177-D: variable "MEDIUM_BLOCK_pixel_data" was declared but never referenced
compiling Ball.c...
Ball.c(7): warning:  #177-D: variable "BALL_pixel_data" was declared but never referenced
compiling BlackBall.c...
BlackBall.c(7): warning:  #177-D: variable "BLACK_BALL_pixel_data" was declared but never referenced
compiling Paddle.c...
Paddle.c(7): warning:  #177-D: variable "PADDLE_pixel_data" was declared but never referenced
compiling BlackPaddle.c...
BlackPaddle.c(7): warning:  #177-D: variable "BLACK_PADDLE_pixel_data" was declared but never referenced
compiling BlackBlock.c...
BlackBlock.c(7): warning:  #177-D: variable "BLACK_BLOCK_pixel_data" was declared but never referenced
linking...
Program Size: Code=10012 RO-data=14092 RW-data=244 ZI-data=3436  
".\Flash\Blinky.axf" - 0 Error(s), 30 Warning(s).
Load "N:\\MTE 241\\Project_4\\RTX_P4_demo\\Flash\\Blinky.AXF" 
Erase Done.
Programming Done.
Verify OK.
Build target 'LPC1768 Flash'
linking...
Program Size: Code=10012 RO-data=14092 RW-data=244 ZI-data=3436  
".\Flash\Blinky.axf" - 0 Error(s), 0 Warning(s).
Load "N:\\MTE 241\\Project_4\\RTX_P4_demo\\Flash\\Blinky.AXF" 
Erase Done.
Programming Done.
Verify OK.
Rebuild target 'LPC1768 Flash'
assembling startup_LPC17xx.s...
compiling system_LPC17xx.c...
compiling RTX_Conf_CM.c...
compiling GLCD_SPI_LPC1700.c...
GLCD_SPI_LPC1700.c(671): warning:  #223-D: function "abs" declared implicitly
GLCD_SPI_LPC1700.c(668): warning: C3017W: curr_y may be used before being set
GLCD_SPI_LPC1700.c(668): warning: C3017W: curr_x may be used before being set
compiling LED.c...
compiling Main.c...
ADC.h(20): warning:  #1-D: last line of file ends without a newline
Main.c(242): warning:  #223-D: function "ADC_ConverstionStart" declared implicitly
Main.c(261): warning:  #223-D: function "GLCD_DrawLine" declared implicitly
Main.c(231): warning:  #177-D: variable "lineLength" was declared but never referenced
Main.c(233): warning:  #550-D: variable "prevEndX" was set but never used
Main.c(234): warning:  #550-D: variable "prevEndY" was set but never used
Main.c(304): warning:  #177-D: variable "i" was declared but never referenced
Main.c(304): warning:  #177-D: variable "j" was declared but never referenced
Main.c(312): warning:  #177-D: variable "j" was declared but never referenced
Main.c(313): warning:  #177-D: variable "retVal" was declared but never referenced
Main.c(314): warning:  #177-D: variable "arb" was declared but never referenced
Main.c(315): warning:  #177-D: variable "directionChanged" was declared but never referenced
Main.c(385): warning:  #177-D: variable "i" was declared but never referenced
Main.c(440): warning:  #223-D: function "rand" declared implicitly
Main.c(471): warning:  #223-D: function "GLCD_DrawLine" declared implicitly
Main.c(433): warning:  #177-D: variable "num_hard_blocks" was declared but never referenced
Main.c(434): warning:  #177-D: variable "num_medium_blocks" was declared but never referenced
Main.c(553): warning:  #1-D: last line of file ends without a newline
compiling KBD.c...
compiling ADC.c...
ADC.h(20): warning:  #1-D: last line of file ends without a newline
compiling Retarget.c...
compiling uart.c...
compiling EasyBlock.c...
EasyBlock.c(7): warning:  #177-D: variable "EASY_BLOCK_pixel_data" was declared but never referenced
compiling HardBlock.c...
HardBlock.c(7): warning:  #177-D: variable "HARD_BLOCK_pixel_data" was declared but never referenced
compiling MediumBlock.c...
MediumBlock.c(7): warning:  #177-D: variable "MEDIUM_BLOCK_pixel_data" was declared but never referenced
compiling Ball.c...
Ball.c(7): warning:  #177-D: variable "BALL_pixel_data" was declared but never referenced
compiling BlackBall.c...
BlackBall.c(7): warning:  #177-D: variable "BLACK_BALL_pixel_data" was declared but never referenced
compiling Paddle.c...
Paddle.c(7): warning:  #177-D: variable "PADDLE_pixel_data" was declared but never referenced
compiling BlackPaddle.c...
BlackPaddle.c(7): warning:  #177-D: variable "BLACK_PADDLE_pixel_data" was declared but never referenced
compiling BlackBlock.c...
BlackBlock.c(7): warning:  #177-D: variable "BLACK_BLOCK_pixel_data" was declared but never referenced
linking...
Program Size: Code=10008 RO-data=14092 RW-data=244 ZI-data=3436  
".\Flash\Blinky.axf" - 0 Error(s), 30 Warning(s).
Load "N:\\MTE 241\\Project_4\\RTX_P4_demo\\Flash\\Blinky.AXF" 
Erase Done.
Programming Done.
Verify OK.
Rebuild target 'LPC1768 Flash'
assembling startup_LPC17xx.s...
compiling system_LPC17xx.c...
compiling RTX_Conf_CM.c...
compiling GLCD_SPI_LPC1700.c...
GLCD_SPI_LPC1700.c(666): error:  #169: expected a declaration
GLCD_SPI_LPC1700.c(688): warning:  #12-D: parsing restarts here after previous syntax error
GLCD_SPI_LPC1700.c(689): warning:  #77-D: this declaration has no storage class or type specifier
GLCD_SPI_LPC1700.c(689): error:  #92: identifier-list parameters may only be used in a function definition
GLCD_SPI_LPC1700.c(689): error:  #147: declaration is incompatible with "void GLCD_PutPixel(unsigned int, unsigned int)" (declared at line 640)
GLCD_SPI_LPC1700.c(690): error:  #77-D: this declaration has no storage class or type specifier
GLCD_SPI_LPC1700.c(690): error:  #65: expected a ";"
GLCD_SPI_LPC1700.c(691): error:  #169: expected a declaration
GLCD_SPI_LPC1700.c(801): warning:  #12-D: parsing restarts here after previous syntax error
GLCD_SPI_LPC1700.c(802): error:  #169: expected a declaration
GLCD_SPI_LPC1700.c(978): warning: At end of source:  #12-D: parsing restarts here after previous syntax error
GLCD_SPI_LPC1700.c(185): warning:  #177-D: function "wr_dat_start" was declared but never referenced
GLCD_SPI_LPC1700.c(197): warning:  #177-D: function "wr_dat_stop" was declared but never referenced
GLCD_SPI_LPC1700.c(209): warning:  #177-D: function "wr_dat_only" was declared but never referenced
compiling LED.c...
compiling Main.c...
ADC.h(20): warning:  #1-D: last line of file ends without a newline
Main.c(242): warning:  #223-D: function "ADC_ConverstionStart" declared implicitly
Main.c(261): warning:  #223-D: function "GLCD_DrawLine" declared implicitly
Main.c(231): warning:  #177-D: variable "lineLength" was declared but never referenced
Main.c(233): warning:  #550-D: variable "prevEndX" was set but never used
Main.c(234): warning:  #550-D: variable "prevEndY" was set but never used
Main.c(304): warning:  #177-D: variable "i" was declared but never referenced
Main.c(304): warning:  #177-D: variable "j" was declared but never referenced
Main.c(312): warning:  #177-D: variable "j" was declared but never referenced
Main.c(313): warning:  #177-D: variable "retVal" was declared but never referenced
Main.c(314): warning:  #177-D: variable "arb" was declared but never referenced
Main.c(315): warning:  #177-D: variable "directionChanged" was declared but never referenced
Main.c(385): warning:  #177-D: variable "i" was declared but never referenced
Main.c(440): warning:  #223-D: function "rand" declared implicitly
Main.c(471): warning:  #223-D: function "GLCD_DrawLine" declared implicitly
Main.c(433): warning:  #177-D: variable "num_hard_blocks" was declared but never referenced
Main.c(434): warning:  #177-D: variable "num_medium_blocks" was declared but never referenced
Main.c(553): warning:  #1-D: last line of file ends without a newline
compiling KBD.c...
compiling ADC.c...
ADC.h(20): warning:  #1-D: last line of file ends without a newline
compiling Retarget.c...
compiling uart.c...
compiling EasyBlock.c...
EasyBlock.c(7): warning:  #177-D: variable "EASY_BLOCK_pixel_data" was declared but never referenced
compiling HardBlock.c...
HardBlock.c(7): warning:  #177-D: variable "HARD_BLOCK_pixel_data" was declared but never referenced
compiling MediumBlock.c...
MediumBlock.c(7): warning:  #177-D: variable "MEDIUM_BLOCK_pixel_data" was declared but never referenced
compiling Ball.c...
Ball.c(7): warning:  #177-D: variable "BALL_pixel_data" was declared but never referenced
compiling BlackBall.c...
BlackBall.c(7): warning:  #177-D: variable "BLACK_BALL_pixel_data" was declared but never referenced
compiling Paddle.c...
Paddle.c(7): warning:  #177-D: variable "PADDLE_pixel_data" was declared but never referenced
compiling BlackPaddle.c...
BlackPaddle.c(7): warning:  #177-D: variable "BLACK_PADDLE_pixel_data" was declared but never referenced
compiling BlackBlock.c...
BlackBlock.c(7): warning:  #177-D: variable "BLACK_BLOCK_pixel_data" was declared but never referenced
Target not created
Rebuild target 'LPC1768 Flash'
assembling startup_LPC17xx.s...
compiling system_LPC17xx.c...
compiling RTX_Conf_CM.c...
compiling GLCD_SPI_LPC1700.c...
GLCD_SPI_LPC1700.c(671): warning:  #223-D: function "abs" declared implicitly
GLCD_SPI_LPC1700.c(715): error:  #169: expected a declaration
GLCD_SPI_LPC1700.c(801): warning:  #12-D: parsing restarts here after previous syntax error
GLCD_SPI_LPC1700.c(802): error:  #169: expected a declaration
GLCD_SPI_LPC1700.c(978): warning: At end of source:  #12-D: parsing restarts here after previous syntax error
GLCD_SPI_LPC1700.c(185): warning:  #177-D: function "wr_dat_start" was declared but never referenced
GLCD_SPI_LPC1700.c(197): warning:  #177-D: function "wr_dat_stop" was declared but never referenced
GLCD_SPI_LPC1700.c(209): warning:  #177-D: function "wr_dat_only" was declared but never referenced
compiling LED.c...
compiling Main.c...
ADC.h(20): warning:  #1-D: last line of file ends without a newline
Main.c(242): warning:  #223-D: function "ADC_ConverstionStart" declared implicitly
Main.c(261): warning:  #223-D: function "GLCD_DrawLine" declared implicitly
Main.c(231): warning:  #177-D: variable "lineLength" was declared but never referenced
Main.c(233): warning:  #550-D: variable "prevEndX" was set but never used
Main.c(234): warning:  #550-D: variable "prevEndY" was set but never used
Main.c(304): warning:  #177-D: variable "i" was declared but never referenced
Main.c(304): warning:  #177-D: variable "j" was declared but never referenced
Main.c(312): warning:  #177-D: variable "j" was declared but never referenced
Main.c(313): warning:  #177-D: variable "retVal" was declared but never referenced
Main.c(314): warning:  #177-D: variable "arb" was declared but never referenced
Main.c(315): warning:  #177-D: variable "directionChanged" was declared but never referenced
Main.c(385): warning:  #177-D: variable "i" was declared but never referenced
Main.c(440): warning:  #223-D: function "rand" declared implicitly
Main.c(471): warning:  #223-D: function "GLCD_DrawLine" declared implicitly
Main.c(433): warning:  #177-D: variable "num_hard_blocks" was declared but never referenced
Main.c(434): warning:  #177-D: variable "num_medium_blocks" was declared but never referenced
Main.c(553): warning:  #1-D: last line of file ends without a newline
compiling KBD.c...
compiling ADC.c...
ADC.h(20): warning:  #1-D: last line of file ends without a newline
compiling Retarget.c...
compiling uart.c...
compiling EasyBlock.c...
EasyBlock.c(7): warning:  #177-D: variable "EASY_BLOCK_pixel_data" was declared but never referenced
compiling HardBlock.c...
HardBlock.c(7): warning:  #177-D: variable "HARD_BLOCK_pixel_data" was declared but never referenced
compiling MediumBlock.c...
MediumBlock.c(7): warning:  #177-D: variable "MEDIUM_BLOCK_pixel_data" was declared but never referenced
compiling Ball.c...
Ball.c(7): warning:  #177-D: variable "BALL_pixel_data" was declared but never referenced
compiling BlackBall.c...
BlackBall.c(7): warning:  #177-D: variable "BLACK_BALL_pixel_data" was declared but never referenced
compiling Paddle.c...
Paddle.c(7): warning:  #177-D: variable "PADDLE_pixel_data" was declared but never referenced
compiling BlackPaddle.c...
BlackPaddle.c(7): warning:  #177-D: variable "BLACK_PADDLE_pixel_data" was declared but never referenced
compiling BlackBlock.c...
BlackBlock.c(7): warning:  #177-D: variable "BLACK_BLOCK_pixel_data" was declared but never referenced
Target not created
Rebuild target 'LPC1768 Flash'
assembling startup_LPC17xx.s...
compiling system_LPC17xx.c...
compiling RTX_Conf_CM.c...
compiling GLCD_SPI_LPC1700.c...
GLCD_SPI_LPC1700.c(671): warning:  #223-D: function "abs" declared implicitly
GLCD_SPI_LPC1700.c(668): warning: C3017W: curr_y may be used before being set
GLCD_SPI_LPC1700.c(668): warning: C3017W: curr_x may be used before being set
compiling LED.c...
compiling Main.c...
ADC.h(20): warning:  #1-D: last line of file ends without a newline
Main.c(242): warning:  #223-D: function "ADC_ConverstionStart" declared implicitly
Main.c(261): warning:  #223-D: function "GLCD_DrawLine" declared implicitly
Main.c(231): warning:  #177-D: variable "lineLength" was declared but never referenced
Main.c(233): warning:  #550-D: variable "prevEndX" was set but never used
Main.c(234): warning:  #550-D: variable "prevEndY" was set but never used
Main.c(304): warning:  #177-D: variable "i" was declared but never referenced
Main.c(304): warning:  #177-D: variable "j" was declared but never referenced
Main.c(312): warning:  #177-D: variable "j" was declared but never referenced
Main.c(313): warning:  #177-D: variable "retVal" was declared but never referenced
Main.c(314): warning:  #177-D: variable "arb" was declared but never referenced
Main.c(315): warning:  #177-D: variable "directionChanged" was declared but never referenced
Main.c(385): warning:  #177-D: variable "i" was declared but never referenced
Main.c(440): warning:  #223-D: function "rand" declared implicitly
Main.c(471): warning:  #223-D: function "GLCD_DrawLine" declared implicitly
Main.c(433): warning:  #177-D: variable "num_hard_blocks" was declared but never referenced
Main.c(434): warning:  #177-D: variable "num_medium_blocks" was declared but never referenced
Main.c(553): warning:  #1-D: last line of file ends without a newline
compiling KBD.c...
compiling ADC.c...
ADC.h(20): warning:  #1-D: last line of file ends without a newline
compiling Retarget.c...
compiling uart.c...
compiling EasyBlock.c...
EasyBlock.c(7): warning:  #177-D: variable "EASY_BLOCK_pixel_data" was declared but never referenced
compiling HardBlock.c...
HardBlock.c(7): warning:  #177-D: variable "HARD_BLOCK_pixel_data" was declared but never referenced
compiling MediumBlock.c...
MediumBlock.c(7): warning:  #177-D: variable "MEDIUM_BLOCK_pixel_data" was declared but never referenced
compiling Ball.c...
Ball.c(7): warning:  #177-D: variable "BALL_pixel_data" was declared but never referenced
compiling BlackBall.c...
BlackBall.c(7): warning:  #177-D: variable "BLACK_BALL_pixel_data" was declared but never referenced
compiling Paddle.c...
Paddle.c(7): warning:  #177-D: variable "PADDLE_pixel_data" was declared but never referenced
compiling BlackPaddle.c...
BlackPaddle.c(7): warning:  #177-D: variable "BLACK_PADDLE_pixel_data" was declared but never referenced
compiling BlackBlock.c...
BlackBlock.c(7): warning:  #177-D: variable "BLACK_BLOCK_pixel_data" was declared but never referenced
linking...
Program Size: Code=9932 RO-data=14092 RW-data=244 ZI-data=3436  
".\Flash\Blinky.axf" - 0 Error(s), 30 Warning(s).
Load "N:\\MTE 241\\Project_4\\RTX_P4_demo\\Flash\\Blinky.AXF" 
Erase Done.
Programming Done.
Verify OK.
Build target 'LPC1768 Flash'
compiling GLCD_SPI_LPC1700.c...
GLCD_SPI_LPC1700.c(667): error:  #169: expected a declaration
GLCD_SPI_LPC1700.c(702): warning:  #12-D: parsing restarts here after previous syntax error
GLCD_SPI_LPC1700.c(704): warning:  #77-D: this declaration has no storage class or type specifier
GLCD_SPI_LPC1700.c(704): error:  #92: identifier-list parameters may only be used in a function definition
GLCD_SPI_LPC1700.c(704): error:  #147: declaration is incompatible with "void GLCD_SetWindow(unsigned int, unsigned int, unsigned int, unsigned int)" (declared at line 585)
GLCD_SPI_LPC1700.c(705): error:  #169: expected a declaration
GLCD_SPI_LPC1700.c(832): warning:  #12-D: parsing restarts here after previous syntax error
GLCD_SPI_LPC1700.c(833): error:  #169: expected a declaration
GLCD_SPI_LPC1700.c(1009): warning: At end of source:  #12-D: parsing restarts here after previous syntax error
GLCD_SPI_LPC1700.c(185): warning:  #177-D: function "wr_dat_start" was declared but never referenced
GLCD_SPI_LPC1700.c(197): warning:  #177-D: function "wr_dat_stop" was declared but never referenced
GLCD_SPI_LPC1700.c(209): warning:  #177-D: function "wr_dat_only" was declared but never referenced
compiling Main.c...
ADC.h(20): warning:  #1-D: last line of file ends without a newline
Main.c(242): warning:  #223-D: function "ADC_ConverstionStart" declared implicitly
Main.c(261): warning:  #223-D: function "GLCD_DrawLine" declared implicitly
Main.c(231): warning:  #177-D: variable "lineLength" was declared but never referenced
Main.c(233): warning:  #550-D: variable "prevEndX" was set but never used
Main.c(234): warning:  #550-D: variable "prevEndY" was set but never used
Main.c(304): warning:  #177-D: variable "i" was declared but never referenced
Main.c(304): warning:  #177-D: variable "j" was declared but never referenced
Main.c(312): warning:  #177-D: variable "j" was declared but never referenced
Main.c(313): warning:  #177-D: variable "retVal" was declared but never referenced
Main.c(314): warning:  #177-D: variable "arb" was declared but never referenced
Main.c(315): warning:  #177-D: variable "directionChanged" was declared but never referenced
Main.c(385): warning:  #177-D: variable "i" was declared but never referenced
Main.c(441): warning:  #223-D: function "rand" declared implicitly
Main.c(471): warning:  #223-D: function "GLCD_DrawLine" declared implicitly
Main.c(433): warning:  #177-D: variable "num_hard_blocks" was declared but never referenced
Main.c(434): warning:  #177-D: variable "num_medium_blocks" was declared but never referenced
Main.c(435): warning:  #177-D: variable "octant" was declared but never referenced
Main.c(559): warning:  #1-D: last line of file ends without a newline
Target not created
Build target 'LPC1768 Flash'
compiling GLCD_SPI_LPC1700.c...
GLCD_SPI_LPC1700.c(667): error:  #169: expected a declaration
GLCD_SPI_LPC1700.c(702): warning:  #12-D: parsing restarts here after previous syntax error
GLCD_SPI_LPC1700.c(705): error:  #169: expected a declaration
GLCD_SPI_LPC1700.c(832): warning:  #12-D: parsing restarts here after previous syntax error
GLCD_SPI_LPC1700.c(833): error:  #169: expected a declaration
GLCD_SPI_LPC1700.c(1009): warning: At end of source:  #12-D: parsing restarts here after previous syntax error
GLCD_SPI_LPC1700.c(185): warning:  #177-D: function "wr_dat_start" was declared but never referenced
GLCD_SPI_LPC1700.c(197): warning:  #177-D: function "wr_dat_stop" was declared but never referenced
GLCD_SPI_LPC1700.c(209): warning:  #177-D: function "wr_dat_only" was declared but never referenced
Target not created
Build target 'LPC1768 Flash'
compiling GLCD_SPI_LPC1700.c...
GLCD_SPI_LPC1700.c(699): warning:  #223-D: function "abs" declared implicitly
GLCD_SPI_LPC1700.c(682): warning: C3017W: curr_y may be used before being set
GLCD_SPI_LPC1700.c(682): warning: C3017W: curr_x may be used before being set
linking...
Program Size: Code=9920 RO-data=14092 RW-data=244 ZI-data=3436  
".\Flash\Blinky.axf" - 0 Error(s), 3 Warning(s).
Load "N:\\MTE 241\\Project_4\\RTX_P4_demo\\Flash\\Blinky.AXF" 
Erase Done.
Programming Done.
Verify OK.
Build target 'LPC1768 Flash'
compiling GLCD_SPI_LPC1700.c...
GLCD_SPI_LPC1700.c(699): warning:  #223-D: function "abs" declared implicitly
GLCD_SPI_LPC1700.c(682): warning: C3017W: curr_y may be used before being set
GLCD_SPI_LPC1700.c(682): warning: C3017W: curr_x may be used before being set
linking...
Program Size: Code=9920 RO-data=14092 RW-data=244 ZI-data=3436  
".\Flash\Blinky.axf" - 0 Error(s), 3 Warning(s).
Load "N:\\MTE 241\\Project_4\\RTX_P4_demo\\Flash\\Blinky.AXF" 
Erase Done.
Programming Done.
Verify OK.
Build target 'LPC1768 Flash'
compiling GLCD_SPI_LPC1700.c...
GLCD_SPI_LPC1700.c(699): warning:  #223-D: function "abs" declared implicitly
GLCD_SPI_LPC1700.c(682): warning: C3017W: curr_y may be used before being set
GLCD_SPI_LPC1700.c(682): warning: C3017W: curr_x may be used before being set
linking...
Program Size: Code=9992 RO-data=14092 RW-data=244 ZI-data=3436  
".\Flash\Blinky.axf" - 0 Error(s), 3 Warning(s).
Load "N:\\MTE 241\\Project_4\\RTX_P4_demo\\Flash\\Blinky.AXF" 
Erase Done.
Programming Done.
Verify OK.
Rebuild target 'LPC1768 Flash'
assembling startup_LPC17xx.s...
compiling system_LPC17xx.c...
compiling RTX_Conf_CM.c...
compiling GLCD_SPI_LPC1700.c...
GLCD_SPI_LPC1700.c(675): warning:  #223-D: function "abs" declared implicitly
GLCD_SPI_LPC1700.c(673): warning: C3017W: curr_y may be used before being set
GLCD_SPI_LPC1700.c(673): warning: C3017W: curr_x may be used before being set
compiling LED.c...
compiling Main.c...
ADC.h(20): warning:  #1-D: last line of file ends without a newline
Main.c(242): warning:  #223-D: function "ADC_ConverstionStart" declared implicitly
Main.c(256): warning:  #224-D: the format string requires additional arguments
Main.c(256): error:  #18: expected a ")"
Main.c(258): error:  #65: expected a ";"
Main.c(262): warning:  #223-D: function "GLCD_DrawLine" declared implicitly
Main.c(231): warning:  #177-D: variable "lineLength" was declared but never referenced
Main.c(233): warning:  #550-D: variable "prevEndX" was set but never used
Main.c(234): warning:  #550-D: variable "prevEndY" was set but never used
Main.c(305): warning:  #177-D: variable "i" was declared but never referenced
Main.c(305): warning:  #177-D: variable "j" was declared but never referenced
Main.c(313): warning:  #177-D: variable "j" was declared but never referenced
Main.c(314): warning:  #177-D: variable "retVal" was declared but never referenced
Main.c(315): warning:  #177-D: variable "arb" was declared but never referenced
Main.c(316): warning:  #177-D: variable "directionChanged" was declared but never referenced
Main.c(386): warning:  #177-D: variable "i" was declared but never referenced
Main.c(442): warning:  #223-D: function "rand" declared implicitly
Main.c(472): warning:  #223-D: function "GLCD_DrawLine" declared implicitly
Main.c(434): warning:  #177-D: variable "num_hard_blocks" was declared but never referenced
Main.c(435): warning:  #177-D: variable "num_medium_blocks" was declared but never referenced
Main.c(436): warning:  #177-D: variable "octant" was declared but never referenced
Main.c(553): warning:  #1-D: last line of file ends without a newline
compiling KBD.c...
compiling ADC.c...
ADC.h(20): warning:  #1-D: last line of file ends without a newline
compiling Retarget.c...
compiling uart.c...
compiling EasyBlock.c...
EasyBlock.c(7): warning:  #177-D: variable "EASY_BLOCK_pixel_data" was declared but never referenced
compiling HardBlock.c...
HardBlock.c(7): warning:  #177-D: variable "HARD_BLOCK_pixel_data" was declared but never referenced
compiling MediumBlock.c...
MediumBlock.c(7): warning:  #177-D: variable "MEDIUM_BLOCK_pixel_data" was declared but never referenced
compiling Ball.c...
Ball.c(7): warning:  #177-D: variable "BALL_pixel_data" was declared but never referenced
compiling BlackBall.c...
BlackBall.c(7): warning:  #177-D: variable "BLACK_BALL_pixel_data" was declared but never referenced
compiling Paddle.c...
Paddle.c(7): warning:  #177-D: variable "PADDLE_pixel_data" was declared but never referenced
compiling BlackPaddle.c...
BlackPaddle.c(7): warning:  #177-D: variable "BLACK_PADDLE_pixel_data" was declared but never referenced
compiling BlackBlock.c...
BlackBlock.c(7): warning:  #177-D: variable "BLACK_BLOCK_pixel_data" was declared but never referenced
Target not created
Rebuild target 'LPC1768 Flash'
assembling startup_LPC17xx.s...
compiling system_LPC17xx.c...
compiling RTX_Conf_CM.c...
compiling GLCD_SPI_LPC1700.c...
GLCD_SPI_LPC1700.c(675): warning:  #223-D: function "abs" declared implicitly
GLCD_SPI_LPC1700.c(673): warning: C3017W: curr_y may be used before being set
GLCD_SPI_LPC1700.c(673): warning: C3017W: curr_x may be used before being set
compiling LED.c...
compiling Main.c...
ADC.h(20): warning:  #1-D: last line of file ends without a newline
Main.c(242): warning:  #223-D: function "ADC_ConverstionStart" declared implicitly
Main.c(258): error:  #65: expected a ";"
Main.c(262): warning:  #223-D: function "GLCD_DrawLine" declared implicitly
Main.c(231): warning:  #177-D: variable "lineLength" was declared but never referenced
Main.c(233): warning:  #550-D: variable "prevEndX" was set but never used
Main.c(234): warning:  #550-D: variable "prevEndY" was set but never used
Main.c(305): warning:  #177-D: variable "i" was declared but never referenced
Main.c(305): warning:  #177-D: variable "j" was declared but never referenced
Main.c(313): warning:  #177-D: variable "j" was declared but never referenced
Main.c(314): warning:  #177-D: variable "retVal" was declared but never referenced
Main.c(315): warning:  #177-D: variable "arb" was declared but never referenced
Main.c(316): warning:  #177-D: variable "directionChanged" was declared but never referenced
Main.c(386): warning:  #177-D: variable "i" was declared but never referenced
Main.c(442): warning:  #223-D: function "rand" declared implicitly
Main.c(472): warning:  #223-D: function "GLCD_DrawLine" declared implicitly
Main.c(434): warning:  #177-D: variable "num_hard_blocks" was declared but never referenced
Main.c(435): warning:  #177-D: variable "num_medium_blocks" was declared but never referenced
Main.c(436): warning:  #177-D: variable "octant" was declared but never referenced
Main.c(553): warning:  #1-D: last line of file ends without a newline
compiling KBD.c...
compiling ADC.c...
ADC.h(20): warning:  #1-D: last line of file ends without a newline
compiling Retarget.c...
compiling uart.c...
compiling EasyBlock.c...
EasyBlock.c(7): warning:  #177-D: variable "EASY_BLOCK_pixel_data" was declared but never referenced
compiling HardBlock.c...
HardBlock.c(7): warning:  #177-D: variable "HARD_BLOCK_pixel_data" was declared but never referenced
compiling MediumBlock.c...
MediumBlock.c(7): warning:  #177-D: variable "MEDIUM_BLOCK_pixel_data" was declared but never referenced
compiling Ball.c...
Ball.c(7): warning:  #177-D: variable "BALL_pixel_data" was declared but never referenced
compiling BlackBall.c...
BlackBall.c(7): warning:  #177-D: variable "BLACK_BALL_pixel_data" was declared but never referenced
compiling Paddle.c...
Paddle.c(7): warning:  #177-D: variable "PADDLE_pixel_data" was declared but never referenced
compiling BlackPaddle.c...
BlackPaddle.c(7): warning:  #177-D: variable "BLACK_PADDLE_pixel_data" was declared but never referenced
compiling BlackBlock.c...
BlackBlock.c(7): warning:  #177-D: variable "BLACK_BLOCK_pixel_data" was declared but never referenced
Target not created
Rebuild target 'LPC1768 Flash'
assembling startup_LPC17xx.s...
compiling system_LPC17xx.c...
compiling RTX_Conf_CM.c...
compiling GLCD_SPI_LPC1700.c...
GLCD_SPI_LPC1700.c(675): warning:  #223-D: function "abs" declared implicitly
GLCD_SPI_LPC1700.c(673): warning: C3017W: curr_y may be used before being set
GLCD_SPI_LPC1700.c(673): warning: C3017W: curr_x may be used before being set
compiling LED.c...
compiling Main.c...
ADC.h(20): warning:  #1-D: last line of file ends without a newline
Main.c(242): warning:  #223-D: function "ADC_ConverstionStart" declared implicitly
Main.c(262): warning:  #223-D: function "GLCD_DrawLine" declared implicitly
Main.c(231): warning:  #177-D: variable "lineLength" was declared but never referenced
Main.c(233): warning:  #550-D: variable "prevEndX" was set but never used
Main.c(234): warning:  #550-D: variable "prevEndY" was set but never used
Main.c(305): warning:  #177-D: variable "i" was declared but never referenced
Main.c(305): warning:  #177-D: variable "j" was declared but never referenced
Main.c(313): warning:  #177-D: variable "j" was declared but never referenced
Main.c(314): warning:  #177-D: variable "retVal" was declared but never referenced
Main.c(315): warning:  #177-D: variable "arb" was declared but never referenced
Main.c(316): warning:  #177-D: variable "directionChanged" was declared but never referenced
Main.c(386): warning:  #177-D: variable "i" was declared but never referenced
Main.c(442): warning:  #223-D: function "rand" declared implicitly
Main.c(472): warning:  #223-D: function "GLCD_DrawLine" declared implicitly
Main.c(434): warning:  #177-D: variable "num_hard_blocks" was declared but never referenced
Main.c(435): warning:  #177-D: variable "num_medium_blocks" was declared but never referenced
Main.c(436): warning:  #177-D: variable "octant" was declared but never referenced
Main.c(553): warning:  #1-D: last line of file ends without a newline
compiling KBD.c...
compiling ADC.c...
ADC.h(20): warning:  #1-D: last line of file ends without a newline
compiling Retarget.c...
compiling uart.c...
compiling EasyBlock.c...
EasyBlock.c(7): warning:  #177-D: variable "EASY_BLOCK_pixel_data" was declared but never referenced
compiling HardBlock.c...
HardBlock.c(7): warning:  #177-D: variable "HARD_BLOCK_pixel_data" was declared but never referenced
compiling MediumBlock.c...
MediumBlock.c(7): warning:  #177-D: variable "MEDIUM_BLOCK_pixel_data" was declared but never referenced
compiling Ball.c...
Ball.c(7): warning:  #177-D: variable "BALL_pixel_data" was declared but never referenced
compiling BlackBall.c...
BlackBall.c(7): warning:  #177-D: variable "BLACK_BALL_pixel_data" was declared but never referenced
compiling Paddle.c...
Paddle.c(7): warning:  #177-D: variable "PADDLE_pixel_data" was declared but never referenced
compiling BlackPaddle.c...
BlackPaddle.c(7): warning:  #177-D: variable "BLACK_PADDLE_pixel_data" was declared but never referenced
compiling BlackBlock.c...
BlackBlock.c(7): warning:  #177-D: variable "BLACK_BLOCK_pixel_data" was declared but never referenced
linking...
Program Size: Code=10380 RO-data=14092 RW-data=244 ZI-data=3436  
".\Flash\Blinky.axf" - 0 Error(s), 31 Warning(s).
Load "N:\\MTE 241\\Project_4\\RTX_P4_demo\\Flash\\Blinky.AXF" 
Erase Done.
Programming Done.
Verify OK.
Rebuild target 'LPC1768 Flash'
assembling startup_LPC17xx.s...
compiling system_LPC17xx.c...
compiling RTX_Conf_CM.c...
compiling GLCD_SPI_LPC1700.c...
GLCD_SPI_LPC1700.c(675): warning:  #223-D: function "abs" declared implicitly
GLCD_SPI_LPC1700.c(673): warning: C3017W: curr_y may be used before being set
GLCD_SPI_LPC1700.c(673): warning: C3017W: curr_x may be used before being set
compiling LED.c...
compiling Main.c...
ADC.h(20): warning:  #1-D: last line of file ends without a newline
Main.c(242): warning:  #223-D: function "ADC_ConverstionStart" declared implicitly
Main.c(262): warning:  #223-D: function "GLCD_DrawLine" declared implicitly
Main.c(231): warning:  #177-D: variable "lineLength" was declared but never referenced
Main.c(233): warning:  #550-D: variable "prevEndX" was set but never used
Main.c(234): warning:  #550-D: variable "prevEndY" was set but never used
Main.c(305): warning:  #177-D: variable "i" was declared but never referenced
Main.c(305): warning:  #177-D: variable "j" was declared but never referenced
Main.c(313): warning:  #177-D: variable "j" was declared but never referenced
Main.c(314): warning:  #177-D: variable "retVal" was declared but never referenced
Main.c(315): warning:  #177-D: variable "arb" was declared but never referenced
Main.c(316): warning:  #177-D: variable "directionChanged" was declared but never referenced
Main.c(386): warning:  #177-D: variable "i" was declared but never referenced
Main.c(442): warning:  #223-D: function "rand" declared implicitly
Main.c(472): warning:  #223-D: function "GLCD_DrawLine" declared implicitly
Main.c(434): warning:  #177-D: variable "num_hard_blocks" was declared but never referenced
Main.c(435): warning:  #177-D: variable "num_medium_blocks" was declared but never referenced
Main.c(436): warning:  #177-D: variable "octant" was declared but never referenced
Main.c(553): warning:  #1-D: last line of file ends without a newline
compiling KBD.c...
compiling ADC.c...
ADC.h(20): warning:  #1-D: last line of file ends without a newline
compiling Retarget.c...
compiling uart.c...
compiling EasyBlock.c...
EasyBlock.c(7): warning:  #177-D: variable "EASY_BLOCK_pixel_data" was declared but never referenced
compiling HardBlock.c...
HardBlock.c(7): warning:  #177-D: variable "HARD_BLOCK_pixel_data" was declared but never referenced
compiling MediumBlock.c...
MediumBlock.c(7): warning:  #177-D: variable "MEDIUM_BLOCK_pixel_data" was declared but never referenced
compiling Ball.c...
Ball.c(7): warning:  #177-D: variable "BALL_pixel_data" was declared but never referenced
compiling BlackBall.c...
BlackBall.c(7): warning:  #177-D: variable "BLACK_BALL_pixel_data" was declared but never referenced
compiling Paddle.c...
Paddle.c(7): warning:  #177-D: variable "PADDLE_pixel_data" was declared but never referenced
compiling BlackPaddle.c...
BlackPaddle.c(7): warning:  #177-D: variable "BLACK_PADDLE_pixel_data" was declared but never referenced
compiling BlackBlock.c...
BlackBlock.c(7): warning:  #177-D: variable "BLACK_BLOCK_pixel_data" was declared but never referenced
linking...
Program Size: Code=10380 RO-data=14092 RW-data=244 ZI-data=3436  
".\Flash\Blinky.axf" - 0 Error(s), 31 Warning(s).
Load "N:\\MTE 241\\Project_4\\RTX_P4_demo\\Flash\\Blinky.AXF" 
Erase Done.
Programming Done.
Verify OK.
Rebuild target 'LPC1768 Flash'
assembling startup_LPC17xx.s...
compiling system_LPC17xx.c...
compiling RTX_Conf_CM.c...
compiling GLCD_SPI_LPC1700.c...
GLCD_SPI_LPC1700.c(675): warning:  #223-D: function "abs" declared implicitly
GLCD_SPI_LPC1700.c(673): warning: C3017W: curr_y may be used before being set
GLCD_SPI_LPC1700.c(673): warning: C3017W: curr_x may be used before being set
compiling LED.c...
compiling Main.c...
ADC.h(20): warning:  #1-D: last line of file ends without a newline
Main.c(244): warning:  #223-D: function "ADC_ConverstionStart" declared implicitly
Main.c(271): warning:  #223-D: function "GLCD_DrawLine" declared implicitly
Main.c(231): warning:  #177-D: variable "lineLength" was declared but never referenced
Main.c(316): warning:  #177-D: variable "i" was declared but never referenced
Main.c(316): warning:  #177-D: variable "j" was declared but never referenced
Main.c(324): warning:  #177-D: variable "j" was declared but never referenced
Main.c(325): warning:  #177-D: variable "retVal" was declared but never referenced
Main.c(326): warning:  #177-D: variable "arb" was declared but never referenced
Main.c(327): warning:  #177-D: variable "directionChanged" was declared but never referenced
Main.c(397): warning:  #177-D: variable "i" was declared but never referenced
Main.c(453): warning:  #223-D: function "rand" declared implicitly
Main.c(445): warning:  #177-D: variable "num_hard_blocks" was declared but never referenced
Main.c(446): warning:  #177-D: variable "num_medium_blocks" was declared but never referenced
Main.c(447): warning:  #177-D: variable "octant" was declared but never referenced
Main.c(564): warning:  #1-D: last line of file ends without a newline
compiling KBD.c...
compiling ADC.c...
ADC.h(20): warning:  #1-D: last line of file ends without a newline
compiling Retarget.c...
compiling uart.c...
compiling EasyBlock.c...
EasyBlock.c(7): warning:  #177-D: variable "EASY_BLOCK_pixel_data" was declared but never referenced
compiling HardBlock.c...
HardBlock.c(7): warning:  #177-D: variable "HARD_BLOCK_pixel_data" was declared but never referenced
compiling MediumBlock.c...
MediumBlock.c(7): warning:  #177-D: variable "MEDIUM_BLOCK_pixel_data" was declared but never referenced
compiling Ball.c...
Ball.c(7): warning:  #177-D: variable "BALL_pixel_data" was declared but never referenced
compiling BlackBall.c...
BlackBall.c(7): warning:  #177-D: variable "BLACK_BALL_pixel_data" was declared but never referenced
compiling Paddle.c...
Paddle.c(7): warning:  #177-D: variable "PADDLE_pixel_data" was declared but never referenced
compiling BlackPaddle.c...
BlackPaddle.c(7): warning:  #177-D: variable "BLACK_PADDLE_pixel_data" was declared but never referenced
compiling BlackBlock.c...
BlackBlock.c(7): warning:  #177-D: variable "BLACK_BLOCK_pixel_data" was declared but never referenced
linking...
Program Size: Code=9980 RO-data=14092 RW-data=244 ZI-data=3436  
".\Flash\Blinky.axf" - 0 Error(s), 28 Warning(s).
Load "N:\\MTE 241\\Project_4\\RTX_P4_demo\\Flash\\Blinky.AXF" 
Erase Done.
Programming Done.
Verify OK.
Rebuild target 'LPC1768 Flash'
assembling startup_LPC17xx.s...
compiling system_LPC17xx.c...
compiling RTX_Conf_CM.c...
compiling GLCD_SPI_LPC1700.c...
GLCD_SPI_LPC1700.c(675): warning:  #223-D: function "abs" declared implicitly
GLCD_SPI_LPC1700.c(673): warning: C3017W: curr_y may be used before being set
GLCD_SPI_LPC1700.c(673): warning: C3017W: curr_x may be used before being set
compiling LED.c...
compiling Main.c...
ADC.h(20): warning:  #1-D: last line of file ends without a newline
Main.c(244): warning:  #223-D: function "ADC_ConverstionStart" declared implicitly
Main.c(272): warning:  #223-D: function "GLCD_DrawLine" declared implicitly
Main.c(231): warning:  #177-D: variable "lineLength" was declared but never referenced
Main.c(317): warning:  #177-D: variable "i" was declared but never referenced
Main.c(317): warning:  #177-D: variable "j" was declared but never referenced
Main.c(325): warning:  #177-D: variable "j" was declared but never referenced
Main.c(326): warning:  #177-D: variable "retVal" was declared but never referenced
Main.c(327): warning:  #177-D: variable "arb" was declared but never referenced
Main.c(328): warning:  #177-D: variable "directionChanged" was declared but never referenced
Main.c(398): warning:  #177-D: variable "i" was declared but never referenced
Main.c(454): warning:  #223-D: function "rand" declared implicitly
Main.c(446): warning:  #177-D: variable "num_hard_blocks" was declared but never referenced
Main.c(447): warning:  #177-D: variable "num_medium_blocks" was declared but never referenced
Main.c(448): warning:  #177-D: variable "octant" was declared but never referenced
Main.c(565): warning:  #1-D: last line of file ends without a newline
compiling KBD.c...
compiling ADC.c...
ADC.h(20): warning:  #1-D: last line of file ends without a newline
compiling Retarget.c...
compiling uart.c...
compiling EasyBlock.c...
EasyBlock.c(7): warning:  #177-D: variable "EASY_BLOCK_pixel_data" was declared but never referenced
compiling HardBlock.c...
HardBlock.c(7): warning:  #177-D: variable "HARD_BLOCK_pixel_data" was declared but never referenced
compiling MediumBlock.c...
MediumBlock.c(7): warning:  #177-D: variable "MEDIUM_BLOCK_pixel_data" was declared but never referenced
compiling Ball.c...
Ball.c(7): warning:  #177-D: variable "BALL_pixel_data" was declared but never referenced
compiling BlackBall.c...
BlackBall.c(7): warning:  #177-D: variable "BLACK_BALL_pixel_data" was declared but never referenced
compiling Paddle.c...
Paddle.c(7): warning:  #177-D: variable "PADDLE_pixel_data" was declared but never referenced
compiling BlackPaddle.c...
BlackPaddle.c(7): warning:  #177-D: variable "BLACK_PADDLE_pixel_data" was declared but never referenced
compiling BlackBlock.c...
BlackBlock.c(7): warning:  #177-D: variable "BLACK_BLOCK_pixel_data" was declared but never referenced
linking...
Program Size: Code=9992 RO-data=14092 RW-data=244 ZI-data=3436  
".\Flash\Blinky.axf" - 0 Error(s), 28 Warning(s).
Load "N:\\MTE 241\\Project_4\\RTX_P4_demo\\Flash\\Blinky.AXF" 
Erase Done.
Programming Done.
Verify OK.
Rebuild target 'LPC1768 Flash'
assembling startup_LPC17xx.s...
compiling system_LPC17xx.c...
compiling RTX_Conf_CM.c...
compiling GLCD_SPI_LPC1700.c...
GLCD_SPI_LPC1700.c(675): warning:  #223-D: function "abs" declared implicitly
GLCD_SPI_LPC1700.c(673): warning: C3017W: curr_y may be used before being set
GLCD_SPI_LPC1700.c(673): warning: C3017W: curr_x may be used before being set
compiling LED.c...
compiling Main.c...
ADC.h(20): warning:  #1-D: last line of file ends without a newline
Main.c(246): warning:  #223-D: function "ADC_ConverstionStart" declared implicitly
Main.c(276): warning:  #223-D: function "GLCD_DrawLine" declared implicitly
Main.c(231): warning:  #177-D: variable "lineLength" was declared but never referenced
Main.c(322): warning:  #177-D: variable "i" was declared but never referenced
Main.c(322): warning:  #177-D: variable "j" was declared but never referenced
Main.c(330): warning:  #177-D: variable "j" was declared but never referenced
Main.c(331): warning:  #177-D: variable "retVal" was declared but never referenced
Main.c(332): warning:  #177-D: variable "arb" was declared but never referenced
Main.c(333): warning:  #177-D: variable "directionChanged" was declared but never referenced
Main.c(403): warning:  #177-D: variable "i" was declared but never referenced
Main.c(459): warning:  #223-D: function "rand" declared implicitly
Main.c(451): warning:  #177-D: variable "num_hard_blocks" was declared but never referenced
Main.c(452): warning:  #177-D: variable "num_medium_blocks" was declared but never referenced
Main.c(453): warning:  #177-D: variable "octant" was declared but never referenced
Main.c(570): warning:  #1-D: last line of file ends without a newline
compiling KBD.c...
compiling ADC.c...
ADC.h(20): warning:  #1-D: last line of file ends without a newline
compiling Retarget.c...
compiling uart.c...
compiling EasyBlock.c...
EasyBlock.c(7): warning:  #177-D: variable "EASY_BLOCK_pixel_data" was declared but never referenced
compiling HardBlock.c...
HardBlock.c(7): warning:  #177-D: variable "HARD_BLOCK_pixel_data" was declared but never referenced
compiling MediumBlock.c...
MediumBlock.c(7): warning:  #177-D: variable "MEDIUM_BLOCK_pixel_data" was declared but never referenced
compiling Ball.c...
Ball.c(7): warning:  #177-D: variable "BALL_pixel_data" was declared but never referenced
compiling BlackBall.c...
BlackBall.c(7): warning:  #177-D: variable "BLACK_BALL_pixel_data" was declared but never referenced
compiling Paddle.c...
Paddle.c(7): warning:  #177-D: variable "PADDLE_pixel_data" was declared but never referenced
compiling BlackPaddle.c...
BlackPaddle.c(7): warning:  #177-D: variable "BLACK_PADDLE_pixel_data" was declared but never referenced
compiling BlackBlock.c...
BlackBlock.c(7): warning:  #177-D: variable "BLACK_BLOCK_pixel_data" was declared but never referenced
linking...
Program Size: Code=10016 RO-data=14092 RW-data=244 ZI-data=3436  
".\Flash\Blinky.axf" - 0 Error(s), 28 Warning(s).
Load "N:\\MTE 241\\Project_4\\RTX_P4_demo\\Flash\\Blinky.AXF" 
Erase Done.
Programming Done.
Verify OK.
Rebuild target 'LPC1768 Flash'
assembling startup_LPC17xx.s...
compiling system_LPC17xx.c...
compiling RTX_Conf_CM.c...
compiling GLCD_SPI_LPC1700.c...
GLCD_SPI_LPC1700.c(675): warning:  #223-D: function "abs" declared implicitly
GLCD_SPI_LPC1700.c(673): warning: C3017W: curr_y may be used before being set
GLCD_SPI_LPC1700.c(673): warning: C3017W: curr_x may be used before being set
compiling LED.c...
compiling Main.c...
ADC.h(20): warning:  #1-D: last line of file ends without a newline
Main.c(246): warning:  #223-D: function "ADC_ConverstionStart" declared implicitly
Main.c(276): warning:  #223-D: function "GLCD_DrawLine" declared implicitly
Main.c(231): warning:  #177-D: variable "lineLength" was declared but never referenced
Main.c(322): warning:  #177-D: variable "i" was declared but never referenced
Main.c(322): warning:  #177-D: variable "j" was declared but never referenced
Main.c(330): warning:  #177-D: variable "j" was declared but never referenced
Main.c(331): warning:  #177-D: variable "retVal" was declared but never referenced
Main.c(332): warning:  #177-D: variable "arb" was declared but never referenced
Main.c(333): warning:  #177-D: variable "directionChanged" was declared but never referenced
Main.c(403): warning:  #177-D: variable "i" was declared but never referenced
Main.c(459): warning:  #223-D: function "rand" declared implicitly
Main.c(451): warning:  #177-D: variable "num_hard_blocks" was declared but never referenced
Main.c(452): warning:  #177-D: variable "num_medium_blocks" was declared but never referenced
Main.c(453): warning:  #177-D: variable "octant" was declared but never referenced
Main.c(570): warning:  #1-D: last line of file ends without a newline
compiling KBD.c...
compiling ADC.c...
ADC.h(20): warning:  #1-D: last line of file ends without a newline
compiling Retarget.c...
compiling uart.c...
compiling EasyBlock.c...
EasyBlock.c(7): warning:  #177-D: variable "EASY_BLOCK_pixel_data" was declared but never referenced
compiling HardBlock.c...
HardBlock.c(7): warning:  #177-D: variable "HARD_BLOCK_pixel_data" was declared but never referenced
compiling MediumBlock.c...
MediumBlock.c(7): warning:  #177-D: variable "MEDIUM_BLOCK_pixel_data" was declared but never referenced
compiling Ball.c...
Ball.c(7): warning:  #177-D: variable "BALL_pixel_data" was declared but never referenced
compiling BlackBall.c...
BlackBall.c(7): warning:  #177-D: variable "BLACK_BALL_pixel_data" was declared but never referenced
compiling Paddle.c...
Paddle.c(7): warning:  #177-D: variable "PADDLE_pixel_data" was declared but never referenced
compiling BlackPaddle.c...
BlackPaddle.c(7): warning:  #177-D: variable "BLACK_PADDLE_pixel_data" was declared but never referenced
compiling BlackBlock.c...
BlackBlock.c(7): warning:  #177-D: variable "BLACK_BLOCK_pixel_data" was declared but never referenced
linking...
Program Size: Code=10016 RO-data=14092 RW-data=244 ZI-data=3436  
".\Flash\Blinky.axf" - 0 Error(s), 28 Warning(s).
Load "N:\\MTE 241\\Project_4\\RTX_P4_demo\\Flash\\Blinky.AXF" 
Erase Done.
Programming Done.
Verify OK.
Rebuild target 'LPC1768 Flash'
assembling startup_LPC17xx.s...
compiling system_LPC17xx.c...
compiling RTX_Conf_CM.c...
compiling GLCD_SPI_LPC1700.c...
GLCD_SPI_LPC1700.c(675): warning:  #223-D: function "abs" declared implicitly
GLCD_SPI_LPC1700.c(673): warning: C3017W: curr_y may be used before being set
GLCD_SPI_LPC1700.c(673): warning: C3017W: curr_x may be used before being set
compiling LED.c...
compiling Main.c...
ADC.h(20): warning:  #1-D: last line of file ends without a newline
Main.c(246): warning:  #223-D: function "ADC_ConverstionStart" declared implicitly
Main.c(276): warning:  #223-D: function "GLCD_DrawLine" declared implicitly
Main.c(231): warning:  #177-D: variable "lineLength" was declared but never referenced
Main.c(322): warning:  #177-D: variable "i" was declared but never referenced
Main.c(322): warning:  #177-D: variable "j" was declared but never referenced
Main.c(330): warning:  #177-D: variable "j" was declared but never referenced
Main.c(331): warning:  #177-D: variable "retVal" was declared but never referenced
Main.c(332): warning:  #177-D: variable "arb" was declared but never referenced
Main.c(333): warning:  #177-D: variable "directionChanged" was declared but never referenced
Main.c(403): warning:  #177-D: variable "i" was declared but never referenced
Main.c(459): warning:  #223-D: function "rand" declared implicitly
Main.c(451): warning:  #177-D: variable "num_hard_blocks" was declared but never referenced
Main.c(452): warning:  #177-D: variable "num_medium_blocks" was declared but never referenced
Main.c(453): warning:  #177-D: variable "octant" was declared but never referenced
Main.c(570): warning:  #1-D: last line of file ends without a newline
compiling KBD.c...
compiling ADC.c...
ADC.h(20): warning:  #1-D: last line of file ends without a newline
compiling Retarget.c...
compiling uart.c...
compiling EasyBlock.c...
EasyBlock.c(7): warning:  #177-D: variable "EASY_BLOCK_pixel_data" was declared but never referenced
compiling HardBlock.c...
HardBlock.c(7): warning:  #177-D: variable "HARD_BLOCK_pixel_data" was declared but never referenced
compiling MediumBlock.c...
MediumBlock.c(7): warning:  #177-D: variable "MEDIUM_BLOCK_pixel_data" was declared but never referenced
compiling Ball.c...
Ball.c(7): warning:  #177-D: variable "BALL_pixel_data" was declared but never referenced
compiling BlackBall.c...
BlackBall.c(7): warning:  #177-D: variable "BLACK_BALL_pixel_data" was declared but never referenced
compiling Paddle.c...
Paddle.c(7): warning:  #177-D: variable "PADDLE_pixel_data" was declared but never referenced
compiling BlackPaddle.c...
BlackPaddle.c(7): warning:  #177-D: variable "BLACK_PADDLE_pixel_data" was declared but never referenced
compiling BlackBlock.c...
BlackBlock.c(7): warning:  #177-D: variable "BLACK_BLOCK_pixel_data" was declared but never referenced
linking...
Program Size: Code=10016 RO-data=14092 RW-data=244 ZI-data=3436  
".\Flash\Blinky.axf" - 0 Error(s), 28 Warning(s).
Load "N:\\MTE 241\\Project_4\\RTX_P4_demo\\Flash\\Blinky.AXF" 
Erase Done.
Programming Done.
Verify OK.
Rebuild target 'LPC1768 Flash'
assembling startup_LPC17xx.s...
compiling system_LPC17xx.c...
compiling RTX_Conf_CM.c...
compiling GLCD_SPI_LPC1700.c...
GLCD_SPI_LPC1700.c(675): warning:  #223-D: function "abs" declared implicitly
GLCD_SPI_LPC1700.c(673): warning: C3017W: curr_y may be used before being set
GLCD_SPI_LPC1700.c(673): warning: C3017W: curr_x may be used before being set
compiling LED.c...
compiling Main.c...
ADC.h(20): warning:  #1-D: last line of file ends without a newline
Main.c(246): warning:  #223-D: function "ADC_ConverstionStart" declared implicitly
Main.c(283): warning:  #223-D: function "GLCD_DrawLine" declared implicitly
Main.c(231): warning:  #177-D: variable "lineLength" was declared but never referenced
Main.c(329): warning:  #177-D: variable "i" was declared but never referenced
Main.c(329): warning:  #177-D: variable "j" was declared but never referenced
Main.c(337): warning:  #177-D: variable "j" was declared but never referenced
Main.c(338): warning:  #177-D: variable "retVal" was declared but never referenced
Main.c(339): warning:  #177-D: variable "arb" was declared but never referenced
Main.c(340): warning:  #177-D: variable "directionChanged" was declared but never referenced
Main.c(410): warning:  #177-D: variable "i" was declared but never referenced
Main.c(466): warning:  #223-D: function "rand" declared implicitly
Main.c(458): warning:  #177-D: variable "num_hard_blocks" was declared but never referenced
Main.c(459): warning:  #177-D: variable "num_medium_blocks" was declared but never referenced
Main.c(460): warning:  #177-D: variable "octant" was declared but never referenced
Main.c(577): warning:  #1-D: last line of file ends without a newline
compiling KBD.c...
compiling ADC.c...
ADC.h(20): warning:  #1-D: last line of file ends without a newline
compiling Retarget.c...
compiling uart.c...
compiling EasyBlock.c...
EasyBlock.c(7): warning:  #177-D: variable "EASY_BLOCK_pixel_data" was declared but never referenced
compiling HardBlock.c...
HardBlock.c(7): warning:  #177-D: variable "HARD_BLOCK_pixel_data" was declared but never referenced
compiling MediumBlock.c...
MediumBlock.c(7): warning:  #177-D: variable "MEDIUM_BLOCK_pixel_data" was declared but never referenced
compiling Ball.c...
Ball.c(7): warning:  #177-D: variable "BALL_pixel_data" was declared but never referenced
compiling BlackBall.c...
BlackBall.c(7): warning:  #177-D: variable "BLACK_BALL_pixel_data" was declared but never referenced
compiling Paddle.c...
Paddle.c(7): warning:  #177-D: variable "PADDLE_pixel_data" was declared but never referenced
compiling BlackPaddle.c...
BlackPaddle.c(7): warning:  #177-D: variable "BLACK_PADDLE_pixel_data" was declared but never referenced
compiling BlackBlock.c...
BlackBlock.c(7): warning:  #177-D: variable "BLACK_BLOCK_pixel_data" was declared but never referenced
linking...
Program Size: Code=10520 RO-data=14092 RW-data=244 ZI-data=3436  
".\Flash\Blinky.axf" - 0 Error(s), 28 Warning(s).
Load "N:\\MTE 241\\Project_4\\RTX_P4_demo\\Flash\\Blinky.AXF" 
Erase Done.
Programming Done.
Verify OK.
Rebuild target 'LPC1768 Flash'
assembling startup_LPC17xx.s...
compiling system_LPC17xx.c...
compiling RTX_Conf_CM.c...
compiling GLCD_SPI_LPC1700.c...
GLCD_SPI_LPC1700.c(675): warning:  #223-D: function "abs" declared implicitly
GLCD_SPI_LPC1700.c(673): warning: C3017W: curr_y may be used before being set
GLCD_SPI_LPC1700.c(673): warning: C3017W: curr_x may be used before being set
compiling LED.c...
compiling Main.c...
ADC.h(20): warning:  #1-D: last line of file ends without a newline
Main.c(246): warning:  #223-D: function "ADC_ConverstionStart" declared implicitly
Main.c(283): warning:  #223-D: function "GLCD_DrawLine" declared implicitly
Main.c(231): warning:  #177-D: variable "lineLength" was declared but never referenced
Main.c(329): warning:  #177-D: variable "i" was declared but never referenced
Main.c(329): warning:  #177-D: variable "j" was declared but never referenced
Main.c(337): warning:  #177-D: variable "j" was declared but never referenced
Main.c(338): warning:  #177-D: variable "retVal" was declared but never referenced
Main.c(339): warning:  #177-D: variable "arb" was declared but never referenced
Main.c(340): warning:  #177-D: variable "directionChanged" was declared but never referenced
Main.c(410): warning:  #177-D: variable "i" was declared but never referenced
Main.c(466): warning:  #223-D: function "rand" declared implicitly
Main.c(458): warning:  #177-D: variable "num_hard_blocks" was declared but never referenced
Main.c(459): warning:  #177-D: variable "num_medium_blocks" was declared but never referenced
Main.c(460): warning:  #177-D: variable "octant" was declared but never referenced
Main.c(577): warning:  #1-D: last line of file ends without a newline
compiling KBD.c...
compiling ADC.c...
ADC.h(20): warning:  #1-D: last line of file ends without a newline
compiling Retarget.c...
compiling uart.c...
compiling EasyBlock.c...
EasyBlock.c(7): warning:  #177-D: variable "EASY_BLOCK_pixel_data" was declared but never referenced
compiling HardBlock.c...
HardBlock.c(7): warning:  #177-D: variable "HARD_BLOCK_pixel_data" was declared but never referenced
compiling MediumBlock.c...
MediumBlock.c(7): warning:  #177-D: variable "MEDIUM_BLOCK_pixel_data" was declared but never referenced
compiling Ball.c...
Ball.c(7): warning:  #177-D: variable "BALL_pixel_data" was declared but never referenced
compiling BlackBall.c...
BlackBall.c(7): warning:  #177-D: variable "BLACK_BALL_pixel_data" was declared but never referenced
compiling Paddle.c...
Paddle.c(7): warning:  #177-D: variable "PADDLE_pixel_data" was declared but never referenced
compiling BlackPaddle.c...
BlackPaddle.c(7): warning:  #177-D: variable "BLACK_PADDLE_pixel_data" was declared but never referenced
compiling BlackBlock.c...
BlackBlock.c(7): warning:  #177-D: variable "BLACK_BLOCK_pixel_data" was declared but never referenced
linking...
Program Size: Code=10520 RO-data=14092 RW-data=244 ZI-data=3436  
".\Flash\Blinky.axf" - 0 Error(s), 28 Warning(s).
Load "N:\\MTE 241\\Project_4\\RTX_P4_demo\\Flash\\Blinky.AXF" 
Erase Done.
Programming Done.
Verify OK.
Rebuild target 'LPC1768 Flash'
assembling startup_LPC17xx.s...
compiling system_LPC17xx.c...
compiling RTX_Conf_CM.c...
compiling GLCD_SPI_LPC1700.c...
GLCD_SPI_LPC1700.c(675): warning:  #223-D: function "abs" declared implicitly
GLCD_SPI_LPC1700.c(673): warning: C3017W: curr_y may be used before being set
GLCD_SPI_LPC1700.c(673): warning: C3017W: curr_x may be used before being set
compiling LED.c...
compiling Main.c...
ADC.h(20): warning:  #1-D: last line of file ends without a newline
Main.c(246): warning:  #223-D: function "ADC_ConverstionStart" declared implicitly
Main.c(283): warning:  #223-D: function "GLCD_DrawLine" declared implicitly
Main.c(231): warning:  #177-D: variable "lineLength" was declared but never referenced
Main.c(329): warning:  #177-D: variable "i" was declared but never referenced
Main.c(329): warning:  #177-D: variable "j" was declared but never referenced
Main.c(337): warning:  #177-D: variable "j" was declared but never referenced
Main.c(338): warning:  #177-D: variable "retVal" was declared but never referenced
Main.c(339): warning:  #177-D: variable "arb" was declared but never referenced
Main.c(340): warning:  #177-D: variable "directionChanged" was declared but never referenced
Main.c(410): warning:  #177-D: variable "i" was declared but never referenced
Main.c(466): warning:  #223-D: function "rand" declared implicitly
Main.c(458): warning:  #177-D: variable "num_hard_blocks" was declared but never referenced
Main.c(459): warning:  #177-D: variable "num_medium_blocks" was declared but never referenced
Main.c(460): warning:  #177-D: variable "octant" was declared but never referenced
Main.c(577): warning:  #1-D: last line of file ends without a newline
compiling KBD.c...
compiling ADC.c...
ADC.h(20): warning:  #1-D: last line of file ends without a newline
compiling Retarget.c...
compiling uart.c...
compiling EasyBlock.c...
EasyBlock.c(7): warning:  #177-D: variable "EASY_BLOCK_pixel_data" was declared but never referenced
compiling HardBlock.c...
HardBlock.c(7): warning:  #177-D: variable "HARD_BLOCK_pixel_data" was declared but never referenced
compiling MediumBlock.c...
MediumBlock.c(7): warning:  #177-D: variable "MEDIUM_BLOCK_pixel_data" was declared but never referenced
compiling Ball.c...
Ball.c(7): warning:  #177-D: variable "BALL_pixel_data" was declared but never referenced
compiling BlackBall.c...
BlackBall.c(7): warning:  #177-D: variable "BLACK_BALL_pixel_data" was declared but never referenced
compiling Paddle.c...
Paddle.c(7): warning:  #177-D: variable "PADDLE_pixel_data" was declared but never referenced
compiling BlackPaddle.c...
BlackPaddle.c(7): warning:  #177-D: variable "BLACK_PADDLE_pixel_data" was declared but never referenced
compiling BlackBlock.c...
BlackBlock.c(7): warning:  #177-D: variable "BLACK_BLOCK_pixel_data" was declared but never referenced
linking...
Program Size: Code=10016 RO-data=14092 RW-data=244 ZI-data=3436  
".\Flash\Blinky.axf" - 0 Error(s), 28 Warning(s).
Load "N:\\MTE 241\\Project_4\\RTX_P4_demo\\Flash\\Blinky.AXF" 
Erase Done.
Programming Done.
Verify OK.
Rebuild target 'LPC1768 Flash'
assembling startup_LPC17xx.s...
compiling system_LPC17xx.c...
compiling RTX_Conf_CM.c...
compiling GLCD_SPI_LPC1700.c...
GLCD_SPI_LPC1700.c(675): warning:  #223-D: function "abs" declared implicitly
GLCD_SPI_LPC1700.c(673): warning: C3017W: curr_y may be used before being set
GLCD_SPI_LPC1700.c(673): warning: C3017W: curr_x may be used before being set
compiling LED.c...
compiling Main.c...
ADC.h(20): warning:  #1-D: last line of file ends without a newline
Main.c(246): warning:  #223-D: function "ADC_ConverstionStart" declared implicitly
Main.c(283): warning:  #223-D: function "GLCD_DrawLine" declared implicitly
Main.c(231): warning:  #177-D: variable "lineLength" was declared but never referenced
Main.c(329): warning:  #177-D: variable "i" was declared but never referenced
Main.c(329): warning:  #177-D: variable "j" was declared but never referenced
Main.c(337): warning:  #177-D: variable "j" was declared but never referenced
Main.c(338): warning:  #177-D: variable "retVal" was declared but never referenced
Main.c(339): warning:  #177-D: variable "arb" was declared but never referenced
Main.c(340): warning:  #177-D: variable "directionChanged" was declared but never referenced
Main.c(410): warning:  #177-D: variable "i" was declared but never referenced
Main.c(466): warning:  #223-D: function "rand" declared implicitly
Main.c(458): warning:  #177-D: variable "num_hard_blocks" was declared but never referenced
Main.c(459): warning:  #177-D: variable "num_medium_blocks" was declared but never referenced
Main.c(460): warning:  #177-D: variable "octant" was declared but never referenced
Main.c(577): warning:  #1-D: last line of file ends without a newline
compiling KBD.c...
compiling ADC.c...
ADC.h(20): warning:  #1-D: last line of file ends without a newline
compiling Retarget.c...
compiling uart.c...
compiling EasyBlock.c...
EasyBlock.c(7): warning:  #177-D: variable "EASY_BLOCK_pixel_data" was declared but never referenced
compiling HardBlock.c...
HardBlock.c(7): warning:  #177-D: variable "HARD_BLOCK_pixel_data" was declared but never referenced
compiling MediumBlock.c...
MediumBlock.c(7): warning:  #177-D: variable "MEDIUM_BLOCK_pixel_data" was declared but never referenced
compiling Ball.c...
Ball.c(7): warning:  #177-D: variable "BALL_pixel_data" was declared but never referenced
compiling BlackBall.c...
BlackBall.c(7): warning:  #177-D: variable "BLACK_BALL_pixel_data" was declared but never referenced
compiling Paddle.c...
Paddle.c(7): warning:  #177-D: variable "PADDLE_pixel_data" was declared but never referenced
compiling BlackPaddle.c...
BlackPaddle.c(7): warning:  #177-D: variable "BLACK_PADDLE_pixel_data" was declared but never referenced
compiling BlackBlock.c...
BlackBlock.c(7): warning:  #177-D: variable "BLACK_BLOCK_pixel_data" was declared but never referenced
linking...
Program Size: Code=10016 RO-data=14092 RW-data=244 ZI-data=3436  
".\Flash\Blinky.axf" - 0 Error(s), 28 Warning(s).
Load "N:\\MTE 241\\Project_4\\RTX_P4_demo\\Flash\\Blinky.AXF" 
Erase Done.
Programming Done.
Verify OK.
Rebuild target 'LPC1768 Flash'
assembling startup_LPC17xx.s...
compiling system_LPC17xx.c...
compiling RTX_Conf_CM.c...
compiling GLCD_SPI_LPC1700.c...
GLCD_SPI_LPC1700.c(675): warning:  #223-D: function "abs" declared implicitly
GLCD_SPI_LPC1700.c(673): warning: C3017W: curr_y may be used before being set
GLCD_SPI_LPC1700.c(673): warning: C3017W: curr_x may be used before being set
compiling LED.c...
compiling Main.c...
ADC.h(20): warning:  #1-D: last line of file ends without a newline
Main.c(246): warning:  #223-D: function "ADC_ConverstionStart" declared implicitly
Main.c(283): warning:  #223-D: function "GLCD_DrawLine" declared implicitly
Main.c(231): warning:  #177-D: variable "lineLength" was declared but never referenced
Main.c(329): warning:  #177-D: variable "i" was declared but never referenced
Main.c(329): warning:  #177-D: variable "j" was declared but never referenced
Main.c(337): warning:  #177-D: variable "j" was declared but never referenced
Main.c(338): warning:  #177-D: variable "retVal" was declared but never referenced
Main.c(339): warning:  #177-D: variable "arb" was declared but never referenced
Main.c(340): warning:  #177-D: variable "directionChanged" was declared but never referenced
Main.c(410): warning:  #177-D: variable "i" was declared but never referenced
Main.c(466): warning:  #223-D: function "rand" declared implicitly
Main.c(458): warning:  #177-D: variable "num_hard_blocks" was declared but never referenced
Main.c(459): warning:  #177-D: variable "num_medium_blocks" was declared but never referenced
Main.c(460): warning:  #177-D: variable "octant" was declared but never referenced
Main.c(577): warning:  #1-D: last line of file ends without a newline
compiling KBD.c...
compiling ADC.c...
ADC.h(20): warning:  #1-D: last line of file ends without a newline
compiling Retarget.c...
compiling uart.c...
compiling EasyBlock.c...
EasyBlock.c(7): warning:  #177-D: variable "EASY_BLOCK_pixel_data" was declared but never referenced
compiling HardBlock.c...
HardBlock.c(7): warning:  #177-D: variable "HARD_BLOCK_pixel_data" was declared but never referenced
compiling MediumBlock.c...
MediumBlock.c(7): warning:  #177-D: variable "MEDIUM_BLOCK_pixel_data" was declared but never referenced
compiling Ball.c...
Ball.c(7): warning:  #177-D: variable "BALL_pixel_data" was declared but never referenced
compiling BlackBall.c...
BlackBall.c(7): warning:  #177-D: variable "BLACK_BALL_pixel_data" was declared but never referenced
compiling Paddle.c...
Paddle.c(7): warning:  #177-D: variable "PADDLE_pixel_data" was declared but never referenced
compiling BlackPaddle.c...
BlackPaddle.c(7): warning:  #177-D: variable "BLACK_PADDLE_pixel_data" was declared but never referenced
compiling BlackBlock.c...
BlackBlock.c(7): warning:  #177-D: variable "BLACK_BLOCK_pixel_data" was declared but never referenced
linking...
Program Size: Code=10016 RO-data=14092 RW-data=244 ZI-data=3436  
".\Flash\Blinky.axf" - 0 Error(s), 28 Warning(s).
Rebuild target 'LPC1768 Flash'
assembling startup_LPC17xx.s...
compiling system_LPC17xx.c...
compiling RTX_Conf_CM.c...
compiling GLCD_SPI_LPC1700.c...
GLCD_SPI_LPC1700.c(675): warning:  #223-D: function "abs" declared implicitly
GLCD_SPI_LPC1700.c(673): warning: C3017W: curr_y may be used before being set
GLCD_SPI_LPC1700.c(673): warning: C3017W: curr_x may be used before being set
compiling LED.c...
compiling Main.c...
ADC.h(20): warning:  #1-D: last line of file ends without a newline
Main.c(246): warning:  #223-D: function "ADC_ConverstionStart" declared implicitly
Main.c(283): warning:  #223-D: function "GLCD_DrawLine" declared implicitly
Main.c(231): warning:  #177-D: variable "lineLength" was declared but never referenced
Main.c(329): warning:  #177-D: variable "i" was declared but never referenced
Main.c(329): warning:  #177-D: variable "j" was declared but never referenced
Main.c(337): warning:  #177-D: variable "j" was declared but never referenced
Main.c(338): warning:  #177-D: variable "retVal" was declared but never referenced
Main.c(339): warning:  #177-D: variable "arb" was declared but never referenced
Main.c(340): warning:  #177-D: variable "directionChanged" was declared but never referenced
Main.c(410): warning:  #177-D: variable "i" was declared but never referenced
Main.c(466): warning:  #223-D: function "rand" declared implicitly
Main.c(458): warning:  #177-D: variable "num_hard_blocks" was declared but never referenced
Main.c(459): warning:  #177-D: variable "num_medium_blocks" was declared but never referenced
Main.c(460): warning:  #177-D: variable "octant" was declared but never referenced
Main.c(577): warning:  #1-D: last line of file ends without a newline
compiling KBD.c...
compiling ADC.c...
ADC.h(20): warning:  #1-D: last line of file ends without a newline
compiling Retarget.c...
compiling uart.c...
compiling EasyBlock.c...
EasyBlock.c(7): warning:  #177-D: variable "EASY_BLOCK_pixel_data" was declared but never referenced
compiling HardBlock.c...
HardBlock.c(7): warning:  #177-D: variable "HARD_BLOCK_pixel_data" was declared but never referenced
compiling MediumBlock.c...
MediumBlock.c(7): warning:  #177-D: variable "MEDIUM_BLOCK_pixel_data" was declared but never referenced
compiling Ball.c...
Ball.c(7): warning:  #177-D: variable "BALL_pixel_data" was declared but never referenced
compiling BlackBall.c...
BlackBall.c(7): warning:  #177-D: variable "BLACK_BALL_pixel_data" was declared but never referenced
compiling Paddle.c...
Paddle.c(7): warning:  #177-D: variable "PADDLE_pixel_data" was declared but never referenced
compiling BlackPaddle.c...
BlackPaddle.c(7): warning:  #177-D: variable "BLACK_PADDLE_pixel_data" was declared but never referenced
compiling BlackBlock.c...
BlackBlock.c(7): warning:  #177-D: variable "BLACK_BLOCK_pixel_data" was declared but never referenced
linking...
Program Size: Code=10016 RO-data=14092 RW-data=244 ZI-data=3436  
".\Flash\Blinky.axf" - 0 Error(s), 28 Warning(s).
Load "N:\\MTE 241\\Project_4\\RTX_P4_demo\\Flash\\Blinky.AXF" 
Erase Done.
Programming Done.
Verify OK.
Rebuild target 'LPC1768 Flash'
assembling startup_LPC17xx.s...
compiling system_LPC17xx.c...
compiling RTX_Conf_CM.c...
compiling GLCD_SPI_LPC1700.c...
GLCD_SPI_LPC1700.c(675): warning:  #223-D: function "abs" declared implicitly
GLCD_SPI_LPC1700.c(673): warning: C3017W: curr_y may be used before being set
GLCD_SPI_LPC1700.c(673): warning: C3017W: curr_x may be used before being set
compiling LED.c...
compiling Main.c...
ADC.h(20): warning:  #1-D: last line of file ends without a newline
Main.c(246): warning:  #223-D: function "ADC_ConverstionStart" declared implicitly
Main.c(283): warning:  #223-D: function "GLCD_DrawLine" declared implicitly
Main.c(231): warning:  #177-D: variable "lineLength" was declared but never referenced
Main.c(329): warning:  #177-D: variable "i" was declared but never referenced
Main.c(329): warning:  #177-D: variable "j" was declared but never referenced
Main.c(337): warning:  #177-D: variable "j" was declared but never referenced
Main.c(338): warning:  #177-D: variable "retVal" was declared but never referenced
Main.c(339): warning:  #177-D: variable "arb" was declared but never referenced
Main.c(340): warning:  #177-D: variable "directionChanged" was declared but never referenced
Main.c(410): warning:  #177-D: variable "i" was declared but never referenced
Main.c(466): warning:  #223-D: function "rand" declared implicitly
Main.c(458): warning:  #177-D: variable "num_hard_blocks" was declared but never referenced
Main.c(459): warning:  #177-D: variable "num_medium_blocks" was declared but never referenced
Main.c(460): warning:  #177-D: variable "octant" was declared but never referenced
Main.c(577): warning:  #1-D: last line of file ends without a newline
compiling KBD.c...
compiling ADC.c...
ADC.h(20): warning:  #1-D: last line of file ends without a newline
compiling Retarget.c...
compiling uart.c...
compiling EasyBlock.c...
EasyBlock.c(7): warning:  #177-D: variable "EASY_BLOCK_pixel_data" was declared but never referenced
compiling HardBlock.c...
HardBlock.c(7): warning:  #177-D: variable "HARD_BLOCK_pixel_data" was declared but never referenced
compiling MediumBlock.c...
MediumBlock.c(7): warning:  #177-D: variable "MEDIUM_BLOCK_pixel_data" was declared but never referenced
compiling Ball.c...
Ball.c(7): warning:  #177-D: variable "BALL_pixel_data" was declared but never referenced
compiling BlackBall.c...
BlackBall.c(7): warning:  #177-D: variable "BLACK_BALL_pixel_data" was declared but never referenced
compiling Paddle.c...
Paddle.c(7): warning:  #177-D: variable "PADDLE_pixel_data" was declared but never referenced
compiling BlackPaddle.c...
BlackPaddle.c(7): warning:  #177-D: variable "BLACK_PADDLE_pixel_data" was declared but never referenced
compiling BlackBlock.c...
BlackBlock.c(7): warning:  #177-D: variable "BLACK_BLOCK_pixel_data" was declared but never referenced
linking...
Program Size: Code=10016 RO-data=14092 RW-data=244 ZI-data=3436  
".\Flash\Blinky.axf" - 0 Error(s), 28 Warning(s).
Load "N:\\MTE 241\\Project_4\\RTX_P4_demo\\Flash\\Blinky.AXF" 
Erase Done.
Programming Done.
Verify OK.
Build target 'LPC1768 Flash'
compiling Main.c...
ADC.h(20): warning:  #1-D: last line of file ends without a newline
Main.c(246): warning:  #223-D: function "GLCD_DrawLine" declared implicitly
Main.c(250): warning:  #223-D: function "ADC_ConverstionStart" declared implicitly
Main.c(280): warning:  #223-D: function "GLCD_DrawLine" declared implicitly
Main.c(231): warning:  #177-D: variable "lineLength" was declared but never referenced
Main.c(293): warning:  #177-D: variable "i" was declared but never referenced
Main.c(293): warning:  #177-D: variable "j" was declared but never referenced
Main.c(301): warning:  #177-D: variable "j" was declared but never referenced
Main.c(302): warning:  #177-D: variable "retVal" was declared but never referenced
Main.c(303): warning:  #177-D: variable "arb" was declared but never referenced
Main.c(304): warning:  #177-D: variable "directionChanged" was declared but never referenced
Main.c(374): warning:  #177-D: variable "i" was declared but never referenced
Main.c(430): warning:  #223-D: function "rand" declared implicitly
Main.c(422): warning:  #177-D: variable "num_hard_blocks" was declared but never referenced
Main.c(423): warning:  #177-D: variable "num_medium_blocks" was declared but never referenced
Main.c(424): warning:  #177-D: variable "octant" was declared but never referenced
Main.c(541): warning:  #1-D: last line of file ends without a newline
Main.c(235): warning: C3017W: octant may be used before being set
linking...
Program Size: Code=10064 RO-data=14092 RW-data=244 ZI-data=3436  
".\Flash\Blinky.axf" - 0 Error(s), 18 Warning(s).
Load "N:\\MTE 241\\Project_4\\RTX_P4_demo\\Flash\\Blinky.AXF" 
Erase Done.
Programming Done.
Verify OK.
Build target 'LPC1768 Flash'
compiling Main.c...
ADC.h(20): warning:  #1-D: last line of file ends without a newline
Main.c(246): warning:  #223-D: function "GLCD_DrawLine" declared implicitly
Main.c(250): warning:  #223-D: function "ADC_ConverstionStart" declared implicitly
Main.c(280): warning:  #223-D: function "GLCD_DrawLine" declared implicitly
Main.c(231): warning:  #177-D: variable "lineLength" was declared but never referenced
Main.c(293): warning:  #177-D: variable "i" was declared but never referenced
Main.c(293): warning:  #177-D: variable "j" was declared but never referenced
Main.c(301): warning:  #177-D: variable "j" was declared but never referenced
Main.c(302): warning:  #177-D: variable "retVal" was declared but never referenced
Main.c(303): warning:  #177-D: variable "arb" was declared but never referenced
Main.c(304): warning:  #177-D: variable "directionChanged" was declared but never referenced
Main.c(374): warning:  #177-D: variable "i" was declared but never referenced
Main.c(430): warning:  #223-D: function "rand" declared implicitly
Main.c(422): warning:  #177-D: variable "num_hard_blocks" was declared but never referenced
Main.c(423): warning:  #177-D: variable "num_medium_blocks" was declared but never referenced
Main.c(424): warning:  #177-D: variable "octant" was declared but never referenced
Main.c(541): warning:  #1-D: last line of file ends without a newline
Main.c(235): warning: C3017W: octant may be used before being set
linking...
Program Size: Code=11568 RO-data=14092 RW-data=324 ZI-data=3436  
".\Flash\Blinky.axf" - 0 Error(s), 18 Warning(s).
Load "N:\\MTE 241\\Project_4\\RTX_P4_demo\\Flash\\Blinky.AXF" 
Erase Done.
Programming Done.
Verify OK.
Rebuild target 'LPC1768 Flash'
assembling startup_LPC17xx.s...
compiling system_LPC17xx.c...
compiling RTX_Conf_CM.c...
compiling GLCD_SPI_LPC1700.c...
GLCD_SPI_LPC1700.c(675): warning:  #223-D: function "abs" declared implicitly
GLCD_SPI_LPC1700.c(673): warning: C3017W: curr_y may be used before being set
GLCD_SPI_LPC1700.c(673): warning: C3017W: curr_x may be used before being set
compiling LED.c...
compiling Main.c...
ADC.h(20): warning:  #1-D: last line of file ends without a newline
Main.c(246): warning:  #223-D: function "GLCD_DrawLine" declared implicitly
[...]
Main.c(502): warning:  #223-D: function "rand" declared implicitly
Main.c(494): warning:  #177-D: variable "num_hard_blocks" was declared but never referenced
Main.c(495): warning:  #177-D: variable "num_medium_blocks" was declared but never referenced
Main.c(496): warning:  #177-D: variable "octant" was declared but never referenced
Main.c(616): warning:  #1-D: last line of file ends without a newline
Main.c(219): warning: C3017W: octant may be used before being set
linking...
Program Size: Code=13088 RO-data=14096 RW-data=340 ZI-data=3436  
".\Flash\Blinky.axf" - 0 Error(s), 18 Warning(s).
Load "N:\\MTE 241\\Project_4\\RTX_P4_demo\\Flash\\Blinky.AXF" 
Erase Done.
Programming Done.
Verify OK.
Build target 'LPC1768 Flash'
compiling Main.c...
ADC.h(20): warning:  #1-D: last line of file ends without a newline
Main.c(230): warning:  #223-D: function "GLCD_DrawLine" declared implicitly
Main.c(236): warning:  #223-D: function "ADC_ConverstionStart" declared implicitly
Main.c(266): warning:  #223-D: function "GLCD_DrawLine" declared implicitly
Main.c(215): warning:  #177-D: variable "lineLength" was declared but never referenced
Main.c(279): warning:  #177-D: variable "i" was declared but never referenced
Main.c(279): warning:  #177-D: variable "j" was declared but never referenced
Main.c(287): warning:  #177-D: variable "j" was declared but never referenced
Main.c(288): warning:  #177-D: variable "retVal" was declared but never referenced
Main.c(289): warning:  #177-D: variable "arb" was declared but never referenced
Main.c(290): warning:  #177-D: variable "directionChanged" was declared but never referenced
Main.c(411): warning:  #223-D: function "abs" declared implicitly
Main.c(375): warning:  #177-D: variable "i" was declared but never referenced
Main.c(506): warning:  #223-D: function "rand" declared implicitly
Main.c(498): warning:  #177-D: variable "num_hard_blocks" was declared but never referenced
Main.c(499): warning:  #177-D: variable "num_medium_blocks" was declared but never referenced
Main.c(500): warning:  #177-D: variable "octant" was declared but never referenced
Main.c(620): warning:  #1-D: last line of file ends without a newline
Main.c(219): warning: C3017W: octant may be used before being set
linking...
Program Size: Code=13172 RO-data=14096 RW-data=340 ZI-data=3436  
".\Flash\Blinky.axf" - 0 Error(s), 19 Warning(s).
Build target 'LPC1768 Flash'
compiling Main.c...
ADC.h(20): warning:  #1-D: last line of file ends without a newline
Main.c(230): warning:  #223-D: function "GLCD_DrawLine" declared implicitly
Main.c(236): warning:  #223-D: function "ADC_ConverstionStart" declared implicitly
Main.c(266): warning:  #223-D: function "GLCD_DrawLine" declared implicitly
Main.c(215): warning:  #177-D: variable "lineLength" was declared but never referenced
Main.c(279): warning:  #177-D: variable "i" was declared but never referenced
Main.c(279): warning:  #177-D: variable "j" was declared but never referenced
Main.c(287): warning:  #177-D: variable "j" was declared but never referenced
Main.c(288): warning:  #177-D: variable "retVal" was declared but never referenced
Main.c(289): warning:  #177-D: variable "arb" was declared but never referenced
Main.c(290): warning:  #177-D: variable "directionChanged" was declared but never referenced
Main.c(375): warning:  #177-D: variable "i" was declared but never referenced
Main.c(506): warning:  #223-D: function "rand" declared implicitly
Main.c(498): warning:  #177-D: variable "num_hard_blocks" was declared but never referenced
Main.c(499): warning:  #177-D: variable "num_medium_blocks" was declared but never referenced
Main.c(500): warning:  #177-D: variable "octant" was declared but never referenced
Main.c(620): warning:  #1-D: last line of file ends without a newline
Main.c(219): warning: C3017W: octant may be used before being set
linking...
Program Size: Code=13124 RO-data=14096 RW-data=340 ZI-data=3436  
".\Flash\Blinky.axf" - 0 Error(s), 18 Warning(s).
Load "N:\\MTE 241\\Project_4\\RTX_P4_demo\\Flash\\Blinky.AXF" 
Erase Done.
Programming Done.
Verify OK.
Build target 'LPC1768 Flash'
compiling Main.c...
ADC.h(20): warning:  #1-D: last line of file ends without a newline
Main.c(230): warning:  #223-D: function "GLCD_DrawLine" declared implicitly
Main.c(236): warning:  #223-D: function "ADC_ConverstionStart" declared implicitly
Main.c(266): warning:  #223-D: function "GLCD_DrawLine" declared implicitly
Main.c(215): warning:  #177-D: variable "lineLength" was declared but never referenced
Main.c(279): warning:  #177-D: variable "i" was declared but never referenced
Main.c(279): warning:  #177-D: variable "j" was declared but never referenced
Main.c(287): warning:  #177-D: variable "j" was declared but never referenced
Main.c(288): warning:  #177-D: variable "retVal" was declared but never referenced
Main.c(289): warning:  #177-D: variable "arb" was declared but never referenced
Main.c(290): warning:  #177-D: variable "directionChanged" was declared but never referenced
Main.c(375): warning:  #177-D: variable "i" was declared but never referenced
Main.c(506): warning:  #223-D: function "rand" declared implicitly
Main.c(498): warning:  #177-D: variable "num_hard_blocks" was declared but never referenced
Main.c(499): warning:  #177-D: variable "num_medium_blocks" was declared but never referenced
Main.c(500): warning:  #177-D: variable "octant" was declared but never referenced
Main.c(620): warning:  #1-D: last line of file ends without a newline
Main.c(219): warning: C3017W: octant may be used before being set
linking...
Program Size: Code=13120 RO-data=14096 RW-data=340 ZI-data=3436  
".\Flash\Blinky.axf" - 0 Error(s), 18 Warning(s).
Load "N:\\MTE 241\\Project_4\\RTX_P4_demo\\Flash\\Blinky.AXF" 
Erase Done.
Programming Done.
Verify OK.
Cannot access Memory
Build target 'LPC1768 Flash'
linking...
Program Size: Code=13120 RO-data=14096 RW-data=340 ZI-data=3436  
".\Flash\Blinky.axf" - 0 Error(s), 0 Warning(s).
Load "N:\\MTE 241\\Project_4\\RTX_P4_demo\\Flash\\Blinky.AXF" 
Erase Done.
Programming Done.
Verify OK.
Build target 'LPC1768 Flash'
compiling Main.c...
ADC.h(20): warning:  #1-D: last line of file ends without a newline
Main.c(230): warning:  #223-D: function "GLCD_DrawLine" declared implicitly
Main.c(236): warning:  #223-D: function "ADC_ConverstionStart" declared implicitly
Main.c(266): warning:  #223-D: function "GLCD_DrawLine" declared implicitly
Main.c(215): warning:  #177-D: variable "lineLength" was declared but never referenced
Main.c(279): warning:  #177-D: variable "i" was declared but never referenced
Main.c(279): warning:  #177-D: variable "j" was declared but never referenced
Main.c(287): warning:  #177-D: variable "j" was declared but never referenced
Main.c(288): warning:  #177-D: variable "retVal" was declared but never referenced
Main.c(289): warning:  #177-D: variable "arb" was declared but never referenced
Main.c(290): warning:  #177-D: variable "directionChanged" was declared but never referenced
Main.c(375): warning:  #177-D: variable "i" was declared but never referenced
Main.c(502): warning:  #223-D: function "rand" declared implicitly
Main.c(494): warning:  #177-D: variable "num_hard_blocks" was declared but never referenced
Main.c(495): warning:  #177-D: variable "num_medium_blocks" was declared but never referenced
Main.c(496): warning:  #177-D: variable "octant" was declared but never referenced
Main.c(616): warning:  #1-D: last line of file ends without a newline
Main.c(219): warning: C3017W: octant may be used before being set
linking...
Program Size: Code=13084 RO-data=14096 RW-data=340 ZI-data=3436  
".\Flash\Blinky.axf" - 0 Error(s), 18 Warning(s).
Load "N:\\MTE 241\\Project_4\\RTX_P4_demo\\Flash\\Blinky.AXF" 
Erase Done.
Programming Done.
Verify OK.
Build target 'LPC1768 Flash'
compiling Main.c...
ADC.h(20): warning:  #1-D: last line of file ends without a newline
Main.c(230): warning:  #223-D: function "GLCD_DrawLine" declared implicitly
Main.c(236): warning:  #223-D: function "ADC_ConverstionStart" declared implicitly
Main.c(266): warning:  #223-D: function "GLCD_DrawLine" declared implicitly
Main.c(215): warning:  #177-D: variable "lineLength" was declared but never referenced
Main.c(279): warning:  #177-D: variable "i" was declared but never referenced
Main.c(279): warning:  #177-D: variable "j" was declared but never referenced
Main.c(287): warning:  #177-D: variable "j" was declared but never referenced
Main.c(288): warning:  #177-D: variable "retVal" was declared but never referenced
Main.c(289): warning:  #177-D: variable "arb" was declared but never referenced
Main.c(290): warning:  #177-D: variable "directionChanged" was declared but never referenced
Main.c(375): warning:  #177-D: variable "i" was declared but never referenced
Main.c(504): warning:  #223-D: function "rand" declared implicitly
Main.c(496): warning:  #177-D: variable "num_hard_blocks" was declared but never referenced
Main.c(497): warning:  #177-D: variable "num_medium_blocks" was declared but never referenced
Main.c(498): warning:  #177-D: variable "octant" was declared but never referenced
Main.c(618): warning:  #1-D: last line of file ends without a newline
Main.c(219): warning: C3017W: octant may be used before being set
linking...
Program Size: Code=13136 RO-data=14096 RW-data=340 ZI-data=3436  
".\Flash\Blinky.axf" - 0 Error(s), 18 Warning(s).
Load "N:\\MTE 241\\Project_4\\RTX_P4_demo\\Flash\\Blinky.AXF" 
Erase Done.
Programming Done.
Verify OK.
Build target 'LPC1768 Flash'
compiling Main.c...
ADC.h(20): warning:  #1-D: last line of file ends without a newline
Main.c(230): warning:  #223-D: function "GLCD_DrawLine" declared implicitly
Main.c(236): warning:  #223-D: function "ADC_ConverstionStart" declared implicitly
Main.c(266): warning:  #223-D: function "GLCD_DrawLine" declared implicitly
Main.c(215): warning:  #177-D: variable "lineLength" was declared but never referenced
Main.c(279): warning:  #177-D: variable "i" was declared but never referenced
Main.c(279): warning:  #177-D: variable "j" was declared but never referenced
Main.c(287): warning:  #177-D: variable "j" was declared but never referenced
Main.c(288): warning:  #177-D: variable "retVal" was declared but never referenced
Main.c(289): warning:  #177-D: variable "arb" was declared but never referenced
Main.c(290): warning:  #177-D: variable "directionChanged" was declared but never referenced
Main.c(375): warning:  #177-D: variable "i" was declared but never referenced
Main.c(504): warning:  #223-D: function "rand" declared implicitly
Main.c(496): warning:  #177-D: variable "num_hard_blocks" was declared but never referenced
Main.c(497): warning:  #177-D: variable "num_medium_blocks" was declared but never referenced
Main.c(498): warning:  #177-D: variable "octant" was declared but never referenced
Main.c(618): warning:  #1-D: last line of file ends without a newline
Main.c(219): warning: C3017W: octant may be used before being set
linking...
Program Size: Code=13180 RO-data=14096 RW-data=340 ZI-data=3436  
".\Flash\Blinky.axf" - 0 Error(s), 18 Warning(s).
Load "N:\\MTE 241\\Project_4\\RTX_P4_demo\\Flash\\Blinky.AXF" 
Erase Done.
Programming Done.
Verify OK.
Load "N:\\MTE 241\\Project_4\\RTX_P4_demo\\Flash\\Blinky.AXF" 
Erase Done.
Programming Done.
Verify OK.
Build target 'LPC1768 Flash'
compiling Main.c...
ADC.h(20): warning:  #1-D: last line of file ends without a newline
Main.c(230): warning:  #223-D: function "GLCD_DrawLine" declared implicitly
Main.c(236): warning:  #223-D: function "ADC_ConverstionStart" declared implicitly
Main.c(266): warning:  #223-D: function "GLCD_DrawLine" declared implicitly
Main.c(215): warning:  #177-D: variable "lineLength" was declared but never referenced
Main.c(279): warning:  #177-D: variable "i" was declared but never referenced
Main.c(279): warning:  #177-D: variable "j" was declared but never referenced
Main.c(287): warning:  #177-D: variable "j" was declared but never referenced
Main.c(288): warning:  #177-D: variable "retVal" was declared but never referenced
Main.c(289): warning:  #177-D: variable "arb" was declared but never referenced
Main.c(290): warning:  #177-D: variable "directionChanged" was declared but never referenced
Main.c(375): warning:  #177-D: variable "i" was declared but never referenced
Main.c(504): warning:  #223-D: function "rand" declared implicitly
Main.c(496): warning:  #177-D: variable "num_hard_blocks" was declared but never referenced
Main.c(497): warning:  #177-D: variable "num_medium_blocks" was declared but never referenced
Main.c(498): warning:  #177-D: variable "octant" was declared but never referenced
Main.c(618): warning:  #1-D: last line of file ends without a newline
Main.c(219): warning: C3017W: octant may be used before being set
linking...
Program Size: Code=13192 RO-data=14096 RW-data=340 ZI-data=3436  
".\Flash\Blinky.axf" - 0 Error(s), 18 Warning(s).
Load "N:\\MTE 241\\Project_4\\RTX_P4_demo\\Flash\\Blinky.AXF" 
Erase Done.
Programming Done.
Verify OK.
Build target 'LPC1768 Flash'
compiling Main.c...
ADC.h(20): warning:  #1-D: last line of file ends without a newline
Main.c(230): warning:  #223-D: function "GLCD_DrawLine" declared implicitly
Main.c(236): warning:  #223-D: function "ADC_ConverstionStart" declared implicitly
Main.c(266): warning:  #223-D: function "GLCD_DrawLine" declared implicitly
Main.c(215): warning:  #177-D: variable "lineLength" was declared but never referenced
Main.c(279): warning:  #177-D: variable "i" was declared but never referenced
Main.c(279): warning:  #177-D: variable "j" was declared but never referenced
Main.c(287): warning:  #177-D: variable "j" was declared but never referenced
Main.c(288): warning:  #177-D: variable "retVal" was declared but never referenced
Main.c(289): warning:  #177-D: variable "arb" was declared but never referenced
Main.c(290): warning:  #177-D: variable "directionChanged" was declared but never referenced
Main.c(375): warning:  #177-D: variable "i" was declared but never referenced
Main.c(505): warning:  #223-D: function "rand" declared implicitly
Main.c(497): warning:  #177-D: variable "num_hard_blocks" was declared but never referenced
Main.c(498): warning:  #177-D: variable "num_medium_blocks" was declared but never referenced
Main.c(499): warning:  #177-D: variable "octant" was declared but never referenced
Main.c(619): warning:  #1-D: last line of file ends without a newline
Main.c(219): warning: C3017W: octant may be used before being set
linking...
Program Size: Code=15780 RO-data=14096 RW-data=340 ZI-data=3436  
".\Flash\Blinky.axf" - 0 Error(s), 18 Warning(s).
Load "N:\\MTE 241\\Project_4\\RTX_P4_demo\\Flash\\Blinky.AXF" 
Erase Done.
Programming Done.
Verify OK.
Build target 'LPC1768 Flash'
compiling Main.c...
ADC.h(20): warning:  #1-D: last line of file ends without a newline
Main.c(230): warning:  #223-D: function "GLCD_DrawLine" declared implicitly
Main.c(236): warning:  #223-D: function "ADC_ConverstionStart" declared implicitly
Main.c(266): warning:  #223-D: function "GLCD_DrawLine" declared implicitly
Main.c(215): warning:  #177-D: variable "lineLength" was declared but never referenced
Main.c(279): warning:  #177-D: variable "i" was declared but never referenced
Main.c(279): warning:  #177-D: variable "j" was declared but never referenced
Main.c(287): warning:  #177-D: variable "j" was declared but never referenced
Main.c(288): warning:  #177-D: variable "retVal" was declared but never referenced
Main.c(289): warning:  #177-D: variable "arb" was declared but never referenced
Main.c(290): warning:  #177-D: variable "directionChanged" was declared but never referenced
Main.c(375): warning:  #177-D: variable "i" was declared but never referenced
Main.c(505): warning:  #223-D: function "rand" declared implicitly
Main.c(497): warning:  #177-D: variable "num_hard_blocks" was declared but never referenced
Main.c(498): warning:  #177-D: variable "num_medium_blocks" was declared but never referenced
Main.c(499): warning:  #177-D: variable "octant" was declared but never referenced
Main.c(619): warning:  #1-D: last line of file ends without a newline
Main.c(219): warning: C3017W: octant may be used before being set
linking...
Program Size: Code=13560 RO-data=14096 RW-data=340 ZI-data=3436  
".\Flash\Blinky.axf" - 0 Error(s), 18 Warning(s).
Load "N:\\MTE 241\\Project_4\\RTX_P4_demo\\Flash\\Blinky.AXF" 
Erase Done.
Programming Done.
Verify OK.
Rebuild target 'LPC1768 Flash'
assembling startup_LPC17xx.s...
compiling system_LPC17xx.c...
compiling RTX_Conf_CM.c...
compiling GLCD_SPI_LPC1700.c...
GLCD_SPI_LPC1700.c(675): warning:  #223-D: function "abs" declared implicitly
GLCD_SPI_LPC1700.c(673): warning: C3017W: curr_y may be used before being set
GLCD_SPI_LPC1700.c(673): warning: C3017W: curr_x may be used before being set
compiling LED.c...
compiling Main.c...
ADC.h(20): warning:  #1-D: last line of file ends without a newline
Main.c(230): warning:  #223-D: function "GLCD_DrawLine" declared implicitly
Main.c(236): warning:  #223-D: function "ADC_ConverstionStart" declared implicitly
Main.c(266): warning:  #223-D: function "GLCD_DrawLine" declared implicitly
Main.c(215): warning:  #177-D: variable "lineLength" was declared but never referenced
Main.c(279): warning:  #177-D: variable "i" was declared but never referenced
Main.c(279): warning:  #177-D: variable "j" was declared but never referenced
Main.c(287): warning:  #177-D: variable "j" was declared but never referenced
Main.c(288): warning:  #177-D: variable "retVal" was declared but never referenced
Main.c(289): warning:  #177-D: variable "arb" was declared but never referenced
Main.c(290): warning:  #177-D: variable "directionChanged" was declared but never referenced
Main.c(375): warning:  #177-D: variable "i" was declared but never referenced
Main.c(505): warning:  #223-D: function "rand" declared implicitly
Main.c(497): warning:  #177-D: variable "num_hard_blocks" was declared but never referenced
Main.c(498): warning:  #177-D: variable "num_medium_blocks" was declared but never referenced
Main.c(499): warning:  #177-D: variable "octant" was declared but never referenced
Main.c(619): warning:  #1-D: last line of file ends without a newline
Main.c(219): warning: C3017W: octant may be used before being set
compiling KBD.c...
compiling ADC.c...
ADC.h(20): warning:  #1-D: last line of file ends without a newline
compiling Retarget.c...
compiling uart.c...
compiling EasyBlock.c...
EasyBlock.c(7): warning:  #177-D: variable "EASY_BLOCK_pixel_data" was declared but never referenced
compiling HardBlock.c...
HardBlock.c(7): warning:  #177-D: variable "HARD_BLOCK_pixel_data" was declared but never referenced
compiling MediumBlock.c...
MediumBlock.c(7): warning:  #177-D: variable "MEDIUM_BLOCK_pixel_data" was declared but never referenced
compiling Ball.c...
Ball.c(7): warning:  #177-D: variable "BALL_pixel_data" was declared but never referenced
compiling BlackBall.c...
BlackBall.c(7): warning:  #177-D: variable "BLACK_BALL_pixel_data" was declared but never referenced
compiling Paddle.c...
Paddle.c(7): warning:  #177-D: variable "PADDLE_pixel_data" was declared but never referenced
compiling BlackPaddle.c...
BlackPaddle.c(7): warning:  #177-D: variable "BLACK_PADDLE_pixel_data" was declared but never referenced
compiling BlackBlock.c...
BlackBlock.c(7): warning:  #177-D: variable "BLACK_BLOCK_pixel_data" was declared but never referenced
linking...
Program Size: Code=13180 RO-data=14096 RW-data=340 ZI-data=3436  
".\Flash\Blinky.axf" - 0 Error(s), 30 Warning(s).
Load "N:\\MTE 241\\Project_4\\RTX_P4_demo\\Flash\\Blinky.AXF" 
Erase Done.
Programming Done.
Verify OK.
